Archive member included to satisfy reference by file (symbol)

/home/ricardo/opt/gcc-arm-none-eabi-6-2017-q1-update/bin/../lib/gcc/arm-none-eabi/6.3.1/../../../../arm-none-eabi/lib/thumb/v7-m/libc_nano.a(lib_a-exit.o)
                              /home/ricardo/opt/gcc-arm-none-eabi-6-2017-q1-update/bin/../lib/gcc/arm-none-eabi/6.3.1/../../../../arm-none-eabi/lib/thumb/v7-m/crt0.o (exit)
/home/ricardo/opt/gcc-arm-none-eabi-6-2017-q1-update/bin/../lib/gcc/arm-none-eabi/6.3.1/../../../../arm-none-eabi/lib/thumb/v7-m/libc_nano.a(lib_a-impure.o)
                              /home/ricardo/opt/gcc-arm-none-eabi-6-2017-q1-update/bin/../lib/gcc/arm-none-eabi/6.3.1/../../../../arm-none-eabi/lib/thumb/v7-m/libc_nano.a(lib_a-exit.o) (_global_impure_ptr)
/home/ricardo/opt/gcc-arm-none-eabi-6-2017-q1-update/bin/../lib/gcc/arm-none-eabi/6.3.1/../../../../arm-none-eabi/lib/thumb/v7-m/libc_nano.a(lib_a-init.o)
                              /home/ricardo/opt/gcc-arm-none-eabi-6-2017-q1-update/bin/../lib/gcc/arm-none-eabi/6.3.1/../../../../arm-none-eabi/lib/thumb/v7-m/crt0.o (__libc_init_array)
/home/ricardo/opt/gcc-arm-none-eabi-6-2017-q1-update/bin/../lib/gcc/arm-none-eabi/6.3.1/../../../../arm-none-eabi/lib/thumb/v7-m/libc_nano.a(lib_a-memset.o)
                              /home/ricardo/opt/gcc-arm-none-eabi-6-2017-q1-update/bin/../lib/gcc/arm-none-eabi/6.3.1/../../../../arm-none-eabi/lib/thumb/v7-m/crt0.o (memset)
/home/ricardo/opt/gcc-arm-none-eabi-6-2017-q1-update/bin/../lib/gcc/arm-none-eabi/6.3.1/../../../../arm-none-eabi/lib/thumb/v7-m/libnosys.a(_exit.o)
                              /home/ricardo/opt/gcc-arm-none-eabi-6-2017-q1-update/bin/../lib/gcc/arm-none-eabi/6.3.1/../../../../arm-none-eabi/lib/thumb/v7-m/libc_nano.a(lib_a-exit.o) (_exit)
/home/ricardo/opt/gcc-arm-none-eabi-6-2017-q1-update/bin/../lib/gcc/arm-none-eabi/6.3.1/thumb/v7-m/libgcc.a(_arm_muldivsf3.o)
                              build/pwm.o (__aeabi_fmul)
/home/ricardo/opt/gcc-arm-none-eabi-6-2017-q1-update/bin/../lib/gcc/arm-none-eabi/6.3.1/thumb/v7-m/libgcc.a(_arm_cmpsf2.o)
                              build/pwm.o (__aeabi_fcmplt)
/home/ricardo/opt/gcc-arm-none-eabi-6-2017-q1-update/bin/../lib/gcc/arm-none-eabi/6.3.1/thumb/v7-m/libgcc.a(_arm_fixunssfsi.o)
                              build/pwm.o (__aeabi_f2uiz)

Allocating common symbols
Common symbol       size              file

encoder_handle      0x38              build/encoder.o
encoder_button_callback
                    0x4               build/encoder.o
uwTick              0x4               build/stm32l1xx_hal.o
pFlash              0x18              build/stm32l1xx_hal_flash.o
encoder_rotation_callback
                    0x4               build/encoder.o
htim                0x38              build/pwm.o
hadc                0x54              build/adc.o

Discarded input sections

 .text          0x0000000000000000        0x0 /home/ricardo/opt/gcc-arm-none-eabi-6-2017-q1-update/bin/../lib/gcc/arm-none-eabi/6.3.1/thumb/v7-m/crti.o
 .data          0x0000000000000000        0x0 /home/ricardo/opt/gcc-arm-none-eabi-6-2017-q1-update/bin/../lib/gcc/arm-none-eabi/6.3.1/thumb/v7-m/crti.o
 .bss           0x0000000000000000        0x0 /home/ricardo/opt/gcc-arm-none-eabi-6-2017-q1-update/bin/../lib/gcc/arm-none-eabi/6.3.1/thumb/v7-m/crti.o
 .data          0x0000000000000000        0x4 /home/ricardo/opt/gcc-arm-none-eabi-6-2017-q1-update/bin/../lib/gcc/arm-none-eabi/6.3.1/thumb/v7-m/crtbegin.o
 .text          0x0000000000000000       0x74 /home/ricardo/opt/gcc-arm-none-eabi-6-2017-q1-update/bin/../lib/gcc/arm-none-eabi/6.3.1/../../../../arm-none-eabi/lib/thumb/v7-m/crt0.o
 .data          0x0000000000000000        0x0 /home/ricardo/opt/gcc-arm-none-eabi-6-2017-q1-update/bin/../lib/gcc/arm-none-eabi/6.3.1/../../../../arm-none-eabi/lib/thumb/v7-m/crt0.o
 .bss           0x0000000000000000        0x0 /home/ricardo/opt/gcc-arm-none-eabi-6-2017-q1-update/bin/../lib/gcc/arm-none-eabi/6.3.1/../../../../arm-none-eabi/lib/thumb/v7-m/crt0.o
 .ARM.extab     0x0000000000000000        0x0 /home/ricardo/opt/gcc-arm-none-eabi-6-2017-q1-update/bin/../lib/gcc/arm-none-eabi/6.3.1/../../../../arm-none-eabi/lib/thumb/v7-m/crt0.o
 .ARM.exidx     0x0000000000000000        0x8 /home/ricardo/opt/gcc-arm-none-eabi-6-2017-q1-update/bin/../lib/gcc/arm-none-eabi/6.3.1/../../../../arm-none-eabi/lib/thumb/v7-m/crt0.o
 .ARM.attributes
                0x0000000000000000       0x1b /home/ricardo/opt/gcc-arm-none-eabi-6-2017-q1-update/bin/../lib/gcc/arm-none-eabi/6.3.1/../../../../arm-none-eabi/lib/thumb/v7-m/crt0.o
 .text          0x0000000000000000        0x0 build/main.o
 .data          0x0000000000000000        0x0 build/main.o
 .bss           0x0000000000000000        0x0 build/main.o
 .text          0x0000000000000000        0x0 build/stm32l1xx_hal_flash_ramfunc.o
 .data          0x0000000000000000        0x0 build/stm32l1xx_hal_flash_ramfunc.o
 .bss           0x0000000000000000        0x0 build/stm32l1xx_hal_flash_ramfunc.o
[...]
Memory Configuration

Name             Origin             Length             Attributes
RAM              0x0000000020000000 0x0000000000002800 xrw
FLASH            0x0000000008000000 0x0000000000010000 xr
*default*        0x0000000000000000 0xffffffffffffffff

Linker script and memory map

LOAD /home/ricardo/opt/gcc-arm-none-eabi-6-2017-q1-update/bin/../lib/gcc/arm-none-eabi/6.3.1/thumb/v7-m/crti.o
LOAD /home/ricardo/opt/gcc-arm-none-eabi-6-2017-q1-update/bin/../lib/gcc/arm-none-eabi/6.3.1/thumb/v7-m/crtbegin.o
LOAD /home/ricardo/opt/gcc-arm-none-eabi-6-2017-q1-update/bin/../lib/gcc/arm-none-eabi/6.3.1/../../../../arm-none-eabi/lib/thumb/v7-m/crt0.o
LOAD build/main.o
LOAD build/stm32l1xx_hal_flash_ramfunc.o
LOAD build/adc.o
LOAD build/stm32l1xx_hal_tim_ex.o
LOAD build/stm32l1xx_hal_flash_ex.o
LOAD build/system_stm32l1xx.o
LOAD build/stm32l1xx_hal.o
LOAD build/stm32l1xx_hal_cortex.o
LOAD build/stm32l1xx_hal_gpio.o
LOAD build/stm32l1xx_hal_dma.o
LOAD build/stm32l1xx_hal_rcc_ex.o
LOAD build/stm32l1xx_hal_flash.o
LOAD build/stm32l1xx_it.o
LOAD build/stm32l1xx_hal_pwr_ex.o
LOAD build/stm32l1xx_hal_adc.o
LOAD build/stm32l1xx_hal_msp.o
LOAD build/stm32l1xx_hal_tim.o
LOAD build/stm32l1xx_hal_rcc.o
LOAD build/stm32l1xx_hal_adc_ex.o
LOAD build/stm32l1xx_hal_pwr.o
LOAD build/gpio.o
LOAD build/pwm.o
LOAD build/encoder.o
LOAD build/startup_stm32l151xb.o
LOAD /home/ricardo/opt/gcc-arm-none-eabi-6-2017-q1-update/bin/../lib/gcc/arm-none-eabi/6.3.1/../../../../arm-none-eabi/lib/thumb/v7-m/libc_nano.a
LOAD /home/ricardo/opt/gcc-arm-none-eabi-6-2017-q1-update/bin/../lib/gcc/arm-none-eabi/6.3.1/../../../../arm-none-eabi/lib/thumb/v7-m/libm.a
LOAD /home/ricardo/opt/gcc-arm-none-eabi-6-2017-q1-update/bin/../lib/gcc/arm-none-eabi/6.3.1/../../../../arm-none-eabi/lib/thumb/v7-m/libnosys.a
START GROUP
LOAD /home/ricardo/opt/gcc-arm-none-eabi-6-2017-q1-update/bin/../lib/gcc/arm-none-eabi/6.3.1/thumb/v7-m/libgcc.a
LOAD /home/ricardo/opt/gcc-arm-none-eabi-6-2017-q1-update/bin/../lib/gcc/arm-none-eabi/6.3.1/../../../../arm-none-eabi/lib/thumb/v7-m/libc_nano.a
END GROUP
START GROUP
LOAD /home/ricardo/opt/gcc-arm-none-eabi-6-2017-q1-update/bin/../lib/gcc/arm-none-eabi/6.3.1/thumb/v7-m/libgcc.a
LOAD /home/ricardo/opt/gcc-arm-none-eabi-6-2017-q1-update/bin/../lib/gcc/arm-none-eabi/6.3.1/../../../../arm-none-eabi/lib/thumb/v7-m/libc_nano.a
END GROUP
LOAD /home/ricardo/opt/gcc-arm-none-eabi-6-2017-q1-update/bin/../lib/gcc/arm-none-eabi/6.3.1/thumb/v7-m/crtend.o
LOAD /home/ricardo/opt/gcc-arm-none-eabi-6-2017-q1-update/bin/../lib/gcc/arm-none-eabi/6.3.1/thumb/v7-m/crtn.o
                0x0000000020002800                _estack = 0x20002800
                0x0000000000000200                _Min_Heap_Size = 0x200
                0x0000000000000400                _Min_Stack_Size = 0x400

.isr_vector     0x0000000008000000      0x13c
                0x0000000008000000                . = ALIGN (0x4)
 *(.isr_vector)
 .isr_vector    0x0000000008000000      0x13c build/startup_stm32l151xb.o
                0x0000000008000000                g_pfnVectors
                0x000000000800013c                . = ALIGN (0x4)

.text           0x000000000800013c     0x2364
                0x000000000800013c                . = ALIGN (0x4)
 *(.text)
 .text          0x000000000800013c       0x6c /home/ricardo/opt/gcc-arm-none-eabi-6-2017-q1-update/bin/../lib/gcc/arm-none-eabi/6.3.1/thumb/v7-m/crtbegin.o
 .text          0x00000000080001a8      0x2a0 /home/ricardo/opt/gcc-arm-none-eabi-6-2017-q1-update/bin/../lib/gcc/arm-none-eabi/6.3.1/thumb/v7-m/libgcc.a(_arm_muldivsf3.o)
                0x00000000080001a8                __mulsf3
                0x00000000080001a8                __aeabi_fmul
                0x0000000008000310                __divsf3
                0x0000000008000310                __aeabi_fdiv
 .text          0x0000000008000448       0xec /home/ricardo/opt/gcc-arm-none-eabi-6-2017-q1-update/bin/../lib/gcc/arm-none-eabi/6.3.1/thumb/v7-m/libgcc.a(_arm_cmpsf2.o)
                0x0000000008000448                __gtsf2
                0x0000000008000448                __gesf2
                0x0000000008000450                __lesf2
                0x0000000008000450                __ltsf2
                0x0000000008000458                __nesf2
                0x0000000008000458                __eqsf2
                0x0000000008000458                __cmpsf2
                0x00000000080004b8                __aeabi_cfrcmple
                0x00000000080004c0                __aeabi_cfcmple
                0x00000000080004c0                __aeabi_cfcmpeq
                0x00000000080004d0                __aeabi_fcmpeq
                0x00000000080004e4                __aeabi_fcmplt
                0x00000000080004f8                __aeabi_fcmple
                0x000000000800050c                __aeabi_fcmpge
                0x0000000008000520                __aeabi_fcmpgt
 .text          0x0000000008000534       0x40 /home/ricardo/opt/gcc-arm-none-eabi-6-2017-q1-update/bin/../lib/gcc/arm-none-eabi/6.3.1/thumb/v7-m/libgcc.a(_arm_fixunssfsi.o)
                0x0000000008000534                __aeabi_f2uiz
                0x0000000008000534                __fixunssfsi
 *(.text*)
 .text.rotation_cb
                0x0000000008000574       0x18 build/main.o
                0x0000000008000574                rotation_cb
 .text._Error_Handler
                0x000000000800058c        0x2 build/main.o
                0x000000000800058c                _Error_Handler
 *fill*         0x000000000800058e        0x2 
 .text.SystemClock_Config
                0x0000000008000590       0x90 build/main.o
                0x0000000008000590                SystemClock_Config
 .text.main     0x0000000008000620       0x80 build/main.o
                0x0000000008000620                main
 .text.MX_ADC_Init
                0x00000000080006a0       0x6c build/adc.o
                0x00000000080006a0                MX_ADC_Init
 .text.HAL_ADC_MspInit
                0x000000000800070c       0x48 build/adc.o
                0x000000000800070c                HAL_ADC_MspInit
 .text.SystemInit
                0x0000000008000754       0x48 build/system_stm32l1xx.o
                0x0000000008000754                SystemInit
 .text.HAL_InitTick
                0x000000000800079c       0x2c build/stm32l1xx_hal.o
                0x000000000800079c                HAL_InitTick
 .text.HAL_Init
                0x00000000080007c8       0x16 build/stm32l1xx_hal.o
                0x00000000080007c8                HAL_Init
 *fill*         0x00000000080007de        0x2 
 .text.HAL_IncTick
                0x00000000080007e0       0x10 build/stm32l1xx_hal.o
                0x00000000080007e0                HAL_IncTick
 .text.HAL_GetTick
                0x00000000080007f0        0xc build/stm32l1xx_hal.o
                0x00000000080007f0                HAL_GetTick
 .text.HAL_Delay
                0x00000000080007fc       0x1c build/stm32l1xx_hal.o
                0x00000000080007fc                HAL_Delay
 .text.HAL_NVIC_SetPriorityGrouping
                0x0000000008000818       0x24 build/stm32l1xx_hal_cortex.o
                0x0000000008000818                HAL_NVIC_SetPriorityGrouping
 .text.HAL_NVIC_SetPriority
                0x000000000800083c       0x64 build/stm32l1xx_hal_cortex.o
                0x000000000800083c                HAL_NVIC_SetPriority
 .text.HAL_NVIC_EnableIRQ
                0x00000000080008a0       0x18 build/stm32l1xx_hal_cortex.o
                0x00000000080008a0                HAL_NVIC_EnableIRQ
 .text.HAL_SYSTICK_Config
                0x00000000080008b8       0x2c build/stm32l1xx_hal_cortex.o
                0x00000000080008b8                HAL_SYSTICK_Config
 .text.HAL_SYSTICK_CLKSourceConfig
                0x00000000080008e4       0x20 build/stm32l1xx_hal_cortex.o
                0x00000000080008e4                HAL_SYSTICK_CLKSourceConfig
 .text.HAL_SYSTICK_Callback
                0x0000000008000904        0x2 build/stm32l1xx_hal_cortex.o
                0x0000000008000904                HAL_SYSTICK_Callback
 .text.HAL_SYSTICK_IRQHandler
                0x0000000008000906        0x8 build/stm32l1xx_hal_cortex.o
                0x0000000008000906                HAL_SYSTICK_IRQHandler
 *fill*         0x000000000800090e        0x2 
 .text.HAL_GPIO_Init
                0x0000000008000910      0x1a0 build/stm32l1xx_hal_gpio.o
                0x0000000008000910                HAL_GPIO_Init
 .text.HAL_GPIO_EXTI_Callback
                0x0000000008000ab0        0x2 build/stm32l1xx_hal_gpio.o
                0x0000000008000ab0                HAL_GPIO_EXTI_Callback
 *fill*         0x0000000008000ab2        0x2 
 .text.HAL_GPIO_EXTI_IRQHandler
                0x0000000008000ab4       0x1c build/stm32l1xx_hal_gpio.o
                0x0000000008000ab4                HAL_GPIO_EXTI_IRQHandler
 .text.NMI_Handler
                0x0000000008000ad0        0x2 build/stm32l1xx_it.o
                0x0000000008000ad0                NMI_Handler
 .text.HardFault_Handler
                0x0000000008000ad2        0x2 build/stm32l1xx_it.o
                0x0000000008000ad2                HardFault_Handler
 .text.MemManage_Handler
                0x0000000008000ad4        0x2 build/stm32l1xx_it.o
                0x0000000008000ad4                MemManage_Handler
 .text.BusFault_Handler
                0x0000000008000ad6        0x2 build/stm32l1xx_it.o
                0x0000000008000ad6                BusFault_Handler
 .text.UsageFault_Handler
                0x0000000008000ad8        0x2 build/stm32l1xx_it.o
                0x0000000008000ad8                UsageFault_Handler
 .text.SVC_Handler
                0x0000000008000ada        0x2 build/stm32l1xx_it.o
                0x0000000008000ada                SVC_Handler
 .text.DebugMon_Handler
                0x0000000008000adc        0x2 build/stm32l1xx_it.o
                0x0000000008000adc                DebugMon_Handler
 .text.PendSV_Handler
                0x0000000008000ade        0x2 build/stm32l1xx_it.o
                0x0000000008000ade                PendSV_Handler
 .text.SysTick_Handler
                0x0000000008000ae0        0xc build/stm32l1xx_it.o
                0x0000000008000ae0                SysTick_Handler
 .text.EXTI1_IRQHandler
                0x0000000008000aec        0xa build/stm32l1xx_it.o
                0x0000000008000aec                EXTI1_IRQHandler
 .text.EXTI2_IRQHandler
                0x0000000008000af6        0xa build/stm32l1xx_it.o
                0x0000000008000af6                EXTI2_IRQHandler
 .text.HAL_ADC_Init
                0x0000000008000b00      0x198 build/stm32l1xx_hal_adc.o
                0x0000000008000b00                HAL_ADC_Init
 .text.HAL_ADC_ConfigChannel
                0x0000000008000c98      0x190 build/stm32l1xx_hal_adc.o
                0x0000000008000c98                HAL_ADC_ConfigChannel
 .text.HAL_MspInit
                0x0000000008000e28       0xa0 build/stm32l1xx_hal_msp.o
                0x0000000008000e28                HAL_MspInit
 .text.TIM_Base_SetConfig
                0x0000000008000ec8       0x68 build/stm32l1xx_hal_tim.o
 .text.TIM_OC1_SetConfig
                0x0000000008000f30       0x2e build/stm32l1xx_hal_tim.o
 .text.TIM_OC2_SetConfig
                0x0000000008000f5e       0x32 build/stm32l1xx_hal_tim.o
 .text.TIM_OC3_SetConfig
                0x0000000008000f90       0x30 build/stm32l1xx_hal_tim.o
 .text.TIM_OC4_SetConfig
                0x0000000008000fc0       0x32 build/stm32l1xx_hal_tim.o
 .text.TIM_TI1_ConfigInputStage
                0x0000000008000ff2       0x24 build/stm32l1xx_hal_tim.o
 .text.TIM_TI2_ConfigInputStage
                0x0000000008001016       0x26 build/stm32l1xx_hal_tim.o
 .text.TIM_ITRx_SetConfig
                0x000000000800103c       0x10 build/stm32l1xx_hal_tim.o
 .text.TIM_ETR_SetConfig
                0x000000000800104c       0x16 build/stm32l1xx_hal_tim.o
 .text.TIM_CCxChannelCmd
                0x0000000008001062       0x1c build/stm32l1xx_hal_tim.o
 .text.HAL_TIM_Base_MspInit
                0x000000000800107e        0x2 build/stm32l1xx_hal_tim.o
                0x000000000800107e                HAL_TIM_Base_MspInit
 .text.HAL_TIM_Base_Init
                0x0000000008001080       0x32 build/stm32l1xx_hal_tim.o
                0x0000000008001080                HAL_TIM_Base_Init
 .text.HAL_TIM_PWM_MspInit
                0x00000000080010b2        0x2 build/stm32l1xx_hal_tim.o
                0x00000000080010b2                HAL_TIM_PWM_MspInit
 .text.HAL_TIM_PWM_Init
                0x00000000080010b4       0x32 build/stm32l1xx_hal_tim.o
                0x00000000080010b4                HAL_TIM_PWM_Init
 .text.HAL_TIM_PWM_Start
                0x00000000080010e6       0x1a build/stm32l1xx_hal_tim.o
                0x00000000080010e6                HAL_TIM_PWM_Start
 .text.HAL_TIM_Encoder_MspInit
                0x0000000008001100        0x2 build/stm32l1xx_hal_tim.o
                0x0000000008001100                HAL_TIM_Encoder_MspInit
 .text.HAL_TIM_Encoder_Init
                0x0000000008001102       0x98 build/stm32l1xx_hal_tim.o
                0x0000000008001102                HAL_TIM_Encoder_Init
 .text.HAL_TIM_Encoder_Start_IT
                0x000000000800119a       0x6c build/stm32l1xx_hal_tim.o
                0x000000000800119a                HAL_TIM_Encoder_Start_IT
 .text.HAL_TIM_PWM_ConfigChannel
                0x0000000008001206       0xdc build/stm32l1xx_hal_tim.o
                0x0000000008001206                HAL_TIM_PWM_ConfigChannel
 .text.HAL_TIM_ConfigClockSource
                0x00000000080012e2      0x108 build/stm32l1xx_hal_tim.o
                0x00000000080012e2                HAL_TIM_ConfigClockSource
 .text.HAL_TIM_PeriodElapsedCallback
                0x00000000080013ea        0x2 build/stm32l1xx_hal_tim.o
                0x00000000080013ea                HAL_TIM_PeriodElapsedCallback
 .text.HAL_TIM_OC_DelayElapsedCallback
                0x00000000080013ec        0x2 build/stm32l1xx_hal_tim.o
                0x00000000080013ec                HAL_TIM_OC_DelayElapsedCallback
 .text.HAL_TIM_IC_CaptureCallback
                0x00000000080013ee        0x2 build/stm32l1xx_hal_tim.o
                0x00000000080013ee                HAL_TIM_IC_CaptureCallback
 .text.HAL_TIM_PWM_PulseFinishedCallback
                0x00000000080013f0        0x2 build/stm32l1xx_hal_tim.o
                0x00000000080013f0                HAL_TIM_PWM_PulseFinishedCallback
 .text.HAL_TIM_TriggerCallback
                0x00000000080013f2        0x2 build/stm32l1xx_hal_tim.o
                0x00000000080013f2                HAL_TIM_TriggerCallback
 .text.HAL_TIM_IRQHandler
                0x00000000080013f4      0x13a build/stm32l1xx_hal_tim.o
                0x00000000080013f4                HAL_TIM_IRQHandler
 *fill*         0x000000000800152e        0x2 
 .text.RCC_SetFlashLatencyFromMSIRange
                0x0000000008001530       0x98 build/stm32l1xx_hal_rcc.o
 .text.HAL_RCC_OscConfig
                0x00000000080015c8      0x78c build/stm32l1xx_hal_rcc.o
                0x00000000080015c8                HAL_RCC_OscConfig
 .text.HAL_RCC_GetSysClockFreq
                0x0000000008001d54       0x9c build/stm32l1xx_hal_rcc.o
                0x0000000008001d54                HAL_RCC_GetSysClockFreq
 .text.HAL_RCC_ClockConfig
                0x0000000008001df0      0x248 build/stm32l1xx_hal_rcc.o
                0x0000000008001df0                HAL_RCC_ClockConfig
 .text.HAL_RCC_GetHCLKFreq
                0x0000000008002038        0xc build/stm32l1xx_hal_rcc.o
                0x0000000008002038                HAL_RCC_GetHCLKFreq
 .text.HAL_RCC_GetPCLK1Freq
                0x0000000008002044       0x2c build/stm32l1xx_hal_rcc.o
                0x0000000008002044                HAL_RCC_GetPCLK1Freq
 .text.MX_GPIO_Init
                0x0000000008002070       0xe8 build/gpio.o
                0x0000000008002070                MX_GPIO_Init
 .text.pwm_init
                0x0000000008002158       0xf4 build/pwm.o
                0x0000000008002158                pwm_init
 .text.pwm_start
                0x000000000800224c       0x38 build/pwm.o
                0x000000000800224c                pwm_start
 .text.pwm_set_dutycyle
                0x0000000008002284       0x78 build/pwm.o
                0x0000000008002284                pwm_set_dutycyle
 .text.encoder_get_direction
                0x00000000080022fc       0x10 build/encoder.o
 .text.TIM4_IRQHandler
                0x000000000800230c       0x20 build/encoder.o
                0x000000000800230c                TIM4_IRQHandler
 .text.encoder_init
                0x000000000800232c       0xac build/encoder.o
                0x000000000800232c                encoder_init
 .text.encoder_start
                0x00000000080023d8       0x10 build/encoder.o
                0x00000000080023d8                encoder_start
 .text.encoder_set_rotation_callback
                0x00000000080023e8        0xc build/encoder.o
                0x00000000080023e8                encoder_set_rotation_callback
 .text.Reset_Handler
                0x00000000080023f4       0x48 build/startup_stm32l151xb.o
                0x00000000080023f4                Reset_Handler
 .text.Default_Handler
                0x000000000800243c        0x2 build/startup_stm32l151xb.o
                0x000000000800243c                RTC_Alarm_IRQHandler
                0x000000000800243c                TIM10_IRQHandler
                0x000000000800243c                USB_HP_IRQHandler
                0x000000000800243c                TIM6_IRQHandler
                0x000000000800243c                PVD_IRQHandler
                0x000000000800243c                EXTI3_IRQHandler
                0x000000000800243c                EXTI0_IRQHandler
                0x000000000800243c                I2C2_EV_IRQHandler
                0x000000000800243c                SPI1_IRQHandler
                0x000000000800243c                USB_FS_WKUP_IRQHandler
                0x000000000800243c                DMA1_Channel4_IRQHandler
                0x000000000800243c                ADC1_IRQHandler
                0x000000000800243c                USART3_IRQHandler
                0x000000000800243c                DMA1_Channel7_IRQHandler
                0x000000000800243c                I2C1_EV_IRQHandler
                0x000000000800243c                DMA1_Channel6_IRQHandler
                0x000000000800243c                TIM3_IRQHandler
                0x000000000800243c                RCC_IRQHandler
                0x000000000800243c                DMA1_Channel1_IRQHandler
                0x000000000800243c                Default_Handler
                0x000000000800243c                EXTI15_10_IRQHandler
                0x000000000800243c                TIM7_IRQHandler
                0x000000000800243c                EXTI9_5_IRQHandler
                0x000000000800243c                TIM9_IRQHandler
                0x000000000800243c                TAMPER_STAMP_IRQHandler
                0x000000000800243c                RTC_WKUP_IRQHandler
                0x000000000800243c                SPI2_IRQHandler
                0x000000000800243c                DMA1_Channel5_IRQHandler
                0x000000000800243c                USB_LP_IRQHandler
                0x000000000800243c                EXTI4_IRQHandler
                0x000000000800243c                DMA1_Channel3_IRQHandler
                0x000000000800243c                COMP_IRQHandler
                0x000000000800243c                WWDG_IRQHandler
                0x000000000800243c                TIM2_IRQHandler
                0x000000000800243c                DAC_IRQHandler
                0x000000000800243c                TIM11_IRQHandler
                0x000000000800243c                USART2_IRQHandler
                0x000000000800243c                I2C2_ER_IRQHandler
                0x000000000800243c                DMA1_Channel2_IRQHandler
                0x000000000800243c                FLASH_IRQHandler
                0x000000000800243c                USART1_IRQHandler
                0x000000000800243c                I2C1_ER_IRQHandler
 *fill*         0x000000000800243e        0x2 
 .text.__libc_init_array
                0x0000000008002440       0x48 /home/ricardo/opt/gcc-arm-none-eabi-6-2017-q1-update/bin/../lib/gcc/arm-none-eabi/6.3.1/../../../../arm-none-eabi/lib/thumb/v7-m/libc_nano.a(lib_a-init.o)
                0x0000000008002440                __libc_init_array
 *(.glue_7)
 .glue_7        0x0000000008002488        0x0 linker stubs
 *(.glue_7t)
 .glue_7t       0x0000000008002488        0x0 linker stubs
 *(.eh_frame)
 .eh_frame      0x0000000008002488        0x0 /home/ricardo/opt/gcc-arm-none-eabi-6-2017-q1-update/bin/../lib/gcc/arm-none-eabi/6.3.1/thumb/v7-m/crtbegin.o
 *(.init)
 .init          0x0000000008002488        0x4 /home/ricardo/opt/gcc-arm-none-eabi-6-2017-q1-update/bin/../lib/gcc/arm-none-eabi/6.3.1/thumb/v7-m/crti.o
                0x0000000008002488                _init
 .init          0x000000000800248c        0x8 /home/ricardo/opt/gcc-arm-none-eabi-6-2017-q1-update/bin/../lib/gcc/arm-none-eabi/6.3.1/thumb/v7-m/crtn.o
 *(.fini)
 .fini          0x0000000008002494        0x4 /home/ricardo/opt/gcc-arm-none-eabi-6-2017-q1-update/bin/../lib/gcc/arm-none-eabi/6.3.1/thumb/v7-m/crti.o
                0x0000000008002494                _fini
 .fini          0x0000000008002498        0x8 /home/ricardo/opt/gcc-arm-none-eabi-6-2017-q1-update/bin/../lib/gcc/arm-none-eabi/6.3.1/thumb/v7-m/crtn.o
                0x00000000080024a0                . = ALIGN (0x4)
                0x00000000080024a0                _etext = .

.vfp11_veneer   0x00000000080024a0        0x0
 .vfp11_veneer  0x00000000080024a0        0x0 linker stubs

.v4_bx          0x00000000080024a0        0x0
 .v4_bx         0x00000000080024a0        0x0 linker stubs

.iplt           0x00000000080024a0        0x0
 .iplt          0x00000000080024a0        0x0 /home/ricardo/opt/gcc-arm-none-eabi-6-2017-q1-update/bin/../lib/gcc/arm-none-eabi/6.3.1/thumb/v7-m/crtbegin.o

.rodata         0x00000000080024a0       0x3c
                0x00000000080024a0                . = ALIGN (0x4)
 *(.rodata)
 *(.rodata*)
 .rodata.SystemClock_Config.str1.4
                0x00000000080024a0        0xb build/main.o
 *fill*         0x00000000080024ab        0x1 
 .rodata.MX_ADC_Init.str1.4
                0x00000000080024ac        0xc build/adc.o
                                          0xa (size before relaxing)
 .rodata.AHBPrescTable
                0x00000000080024b8       0x10 build/system_stm32l1xx.o
                0x00000000080024b8                AHBPrescTable
 .rodata.APBPrescTable
                0x00000000080024c8        0x8 build/system_stm32l1xx.o
                0x00000000080024c8                APBPrescTable
 .rodata.PLLMulTable
                0x00000000080024d0        0x9 build/system_stm32l1xx.o
                0x00000000080024d0                PLLMulTable
                0x00000000080024dc                . = ALIGN (0x4)
 *fill*         0x00000000080024d9        0x3 

.rel.dyn        0x00000000080024dc        0x0
 .rel.iplt      0x00000000080024dc        0x0 /home/ricardo/opt/gcc-arm-none-eabi-6-2017-q1-update/bin/../lib/gcc/arm-none-eabi/6.3.1/thumb/v7-m/crtbegin.o

.ARM.extab
 *(.ARM.extab* .gnu.linkonce.armextab.*)

.ARM            0x00000000080024dc        0x0
                0x00000000080024dc                __exidx_start = .
 *(.ARM.exidx*)
                0x00000000080024dc                __exidx_end = .

.preinit_array  0x00000000080024dc        0x0
                0x00000000080024dc                PROVIDE (__preinit_array_start, .)
 *(.preinit_array*)
                0x00000000080024dc                PROVIDE (__preinit_array_end, .)

.init_array     0x00000000080024dc        0x4
                0x00000000080024dc                PROVIDE (__init_array_start, .)
 *(SORT(.init_array.*))
 *(.init_array*)
 .init_array    0x00000000080024dc        0x4 /home/ricardo/opt/gcc-arm-none-eabi-6-2017-q1-update/bin/../lib/gcc/arm-none-eabi/6.3.1/thumb/v7-m/crtbegin.o
                0x00000000080024e0                PROVIDE (__init_array_end, .)

.fini_array     0x00000000080024e0        0x4
                [!provide]                        PROVIDE (__fini_array_start, .)
 *(SORT(.fini_array.*))
 *(.fini_array*)
 .fini_array    0x00000000080024e0        0x4 /home/ricardo/opt/gcc-arm-none-eabi-6-2017-q1-update/bin/../lib/gcc/arm-none-eabi/6.3.1/thumb/v7-m/crtbegin.o
                [!provide]                        PROVIDE (__fini_array_end, .)
                0x00000000080024e4                _sidata = LOADADDR (.data)

.data           0x0000000020000000        0x4 load address 0x00000000080024e4
                0x0000000020000000                . = ALIGN (0x4)
                0x0000000020000000                _sdata = .
 *(.data)
 *(.data*)
 .data.SystemCoreClock
                0x0000000020000000        0x4 build/system_stm32l1xx.o
                0x0000000020000000                SystemCoreClock
                0x0000000020000004                . = ALIGN (0x4)
                0x0000000020000004                _edata = .

.jcr            0x0000000020000004        0x0 load address 0x00000000080024e8
 .jcr           0x0000000020000004        0x0 /home/ricardo/opt/gcc-arm-none-eabi-6-2017-q1-update/bin/../lib/gcc/arm-none-eabi/6.3.1/thumb/v7-m/crtbegin.o

.igot.plt       0x0000000020000004        0x0 load address 0x00000000080024e8
 .igot.plt      0x0000000020000004        0x0 /home/ricardo/opt/gcc-arm-none-eabi-6-2017-q1-update/bin/../lib/gcc/arm-none-eabi/6.3.1/thumb/v7-m/crtbegin.o
                0x0000000020000004                . = ALIGN (0x4)

.bss            0x0000000020000004       0xf0 load address 0x00000000080024e8
                0x0000000020000004                _sbss = .
                0x0000000020000004                __bss_start__ = _sbss
 *(.bss)
 .bss           0x0000000020000004       0x1c /home/ricardo/opt/gcc-arm-none-eabi-6-2017-q1-update/bin/../lib/gcc/arm-none-eabi/6.3.1/thumb/v7-m/crtbegin.o
 *(.bss*)
 .bss.test      0x0000000020000020        0x1 build/main.o
                0x0000000020000020                test
 *(COMMON)
 *fill*         0x0000000020000021        0x3 
 COMMON         0x0000000020000024       0x54 build/adc.o
                0x0000000020000024                hadc
 COMMON         0x0000000020000078        0x4 build/stm32l1xx_hal.o
                0x0000000020000078                uwTick
 COMMON         0x000000002000007c       0x38 build/pwm.o
                0x000000002000007c                htim
 COMMON         0x00000000200000b4       0x40 build/encoder.o
                0x00000000200000b4                encoder_handle
                0x00000000200000ec                encoder_button_callback
                0x00000000200000f0                encoder_rotation_callback
                0x00000000200000f4                . = ALIGN (0x4)
                0x00000000200000f4                _ebss = .
                0x00000000200000f4                __bss_end__ = _ebss

._user_heap_stack
                0x00000000200000f4      0x604 load address 0x00000000080024e8
                0x00000000200000f8                . = ALIGN (0x8)
 *fill*         0x00000000200000f4        0x4 
                [!provide]                        PROVIDE (end, .)
                [!provide]                        PROVIDE (_end, .)
                0x00000000200002f8                . = (. + _Min_Heap_Size)
 *fill*         0x00000000200000f8      0x200 
                0x00000000200006f8                . = (. + _Min_Stack_Size)
 *fill*         0x00000000200002f8      0x400 
                0x00000000200006f8                . = ALIGN (0x8)

/DISCARD/
 libc.a(*)
 libm.a(*)
 libgcc.a(*)

.ARM.attributes
                0x0000000000000000       0x29
 *(.ARM.attributes)
 .ARM.attributes
                0x0000000000000000       0x1d /home/ricardo/opt/gcc-arm-none-eabi-6-2017-q1-update/bin/../lib/gcc/arm-none-eabi/6.3.1/thumb/v7-m/crti.o
 .ARM.attributes
                0x000000000000001d       0x2d /home/ricardo/opt/gcc-arm-none-eabi-6-2017-q1-update/bin/../lib/gcc/arm-none-eabi/6.3.1/thumb/v7-m/crtbegin.o
 .ARM.attributes
                0x000000000000004a       0x33 build/main.o
 .ARM.attributes
                0x000000000000007d       0x33 build/adc.o
 .ARM.attributes
                0x00000000000000b0       0x33 build/system_stm32l1xx.o
 .ARM.attributes
                0x00000000000000e3       0x33 build/stm32l1xx_hal.o
 .ARM.attributes
                0x0000000000000116       0x33 build/stm32l1xx_hal_cortex.o
 .ARM.attributes
                0x0000000000000149       0x33 build/stm32l1xx_hal_gpio.o
 .ARM.attributes
                0x000000000000017c       0x33 build/stm32l1xx_it.o
 .ARM.attributes
                0x00000000000001af       0x33 build/stm32l1xx_hal_adc.o
 .ARM.attributes
                0x00000000000001e2       0x33 build/stm32l1xx_hal_msp.o
 .ARM.attributes
                0x0000000000000215       0x33 build/stm32l1xx_hal_tim.o
 .ARM.attributes
                0x0000000000000248       0x33 build/stm32l1xx_hal_rcc.o
 .ARM.attributes
                0x000000000000027b       0x33 build/gpio.o
 .ARM.attributes
                0x00000000000002ae       0x33 build/pwm.o
 .ARM.attributes
                0x00000000000002e1       0x33 build/encoder.o
 .ARM.attributes
                0x0000000000000314       0x21 build/startup_stm32l151xb.o
 .ARM.attributes
                0x0000000000000335       0x2d /home/ricardo/opt/gcc-arm-none-eabi-6-2017-q1-update/bin/../lib/gcc/arm-none-eabi/6.3.1/../../../../arm-none-eabi/lib/thumb/v7-m/libc_nano.a(lib_a-init.o)
 .ARM.attributes
                0x0000000000000362       0x1d /home/ricardo/opt/gcc-arm-none-eabi-6-2017-q1-update/bin/../lib/gcc/arm-none-eabi/6.3.1/thumb/v7-m/libgcc.a(_arm_muldivsf3.o)
 .ARM.attributes
                0x000000000000037f       0x1d /home/ricardo/opt/gcc-arm-none-eabi-6-2017-q1-update/bin/../lib/gcc/arm-none-eabi/6.3.1/thumb/v7-m/libgcc.a(_arm_cmpsf2.o)
 .ARM.attributes
                0x000000000000039c       0x1d /home/ricardo/opt/gcc-arm-none-eabi-6-2017-q1-update/bin/../lib/gcc/arm-none-eabi/6.3.1/thumb/v7-m/libgcc.a(_arm_fixunssfsi.o)
 .ARM.attributes
                0x00000000000003b9       0x1d /home/ricardo/opt/gcc-arm-none-eabi-6-2017-q1-update/bin/../lib/gcc/arm-none-eabi/6.3.1/thumb/v7-m/crtn.o
OUTPUT(build/motion_led.elf elf32-littlearm)

.debug_info     0x0000000000000000    0x13794
 .debug_info    0x0000000000000000     0x1588 build/main.o
 .debug_info    0x0000000000001588     0x1381 build/adc.o
 .debug_info    0x0000000000002909      0xdb6 build/system_stm32l1xx.o
 .debug_info    0x00000000000036bf     0x1000 build/stm32l1xx_hal.o
 .debug_info    0x00000000000046bf     0x1869 build/stm32l1xx_hal_cortex.o
 .debug_info    0x0000000000005f28      0xff6 build/stm32l1xx_hal_gpio.o
 .debug_info    0x0000000000006f1e      0xbb6 build/stm32l1xx_it.o
 .debug_info    0x0000000000007ad4     0x1acb build/stm32l1xx_hal_adc.o
 .debug_info    0x000000000000959f      0xdf0 build/stm32l1xx_hal_msp.o
 .debug_info    0x000000000000a38f     0x392a build/stm32l1xx_hal_tim.o
 .debug_info    0x000000000000dcb9     0x2038 build/stm32l1xx_hal_rcc.o
 .debug_info    0x000000000000fcf1      0xf54 build/gpio.o
 .debug_info    0x0000000000010c45     0x1524 build/pwm.o
 .debug_info    0x0000000000012169     0x15bf build/encoder.o
 .debug_info    0x0000000000013728       0x6c build/startup_stm32l151xb.o

.debug_abbrev   0x0000000000000000     0x248a
 .debug_abbrev  0x0000000000000000      0x27c build/main.o
 .debug_abbrev  0x000000000000027c      0x239 build/adc.o
 .debug_abbrev  0x00000000000004b5      0x1e6 build/system_stm32l1xx.o
 .debug_abbrev  0x000000000000069b      0x2a9 build/stm32l1xx_hal.o
 .debug_abbrev  0x0000000000000944      0x3be build/stm32l1xx_hal_cortex.o
 .debug_abbrev  0x0000000000000d02      0x2bc build/stm32l1xx_hal_gpio.o
 .debug_abbrev  0x0000000000000fbe      0x1e0 build/stm32l1xx_it.o
 .debug_abbrev  0x000000000000119e      0x352 build/stm32l1xx_hal_adc.o
 .debug_abbrev  0x00000000000014f0      0x214 build/stm32l1xx_hal_msp.o
 .debug_abbrev  0x0000000000001704      0x2fd build/stm32l1xx_hal_tim.o
 .debug_abbrev  0x0000000000001a01      0x368 build/stm32l1xx_hal_rcc.o
 .debug_abbrev  0x0000000000001d69      0x214 build/gpio.o
 .debug_abbrev  0x0000000000001f7d      0x261 build/pwm.o
 .debug_abbrev  0x00000000000021de      0x29a build/encoder.o
 .debug_abbrev  0x0000000000002478       0x12 build/startup_stm32l151xb.o

.debug_loc      0x0000000000000000     0x65e5
 .debug_loc     0x0000000000000000       0x66 build/main.o
 .debug_loc     0x0000000000000066       0xf7 build/adc.o
 .debug_loc     0x000000000000015d      0x18f build/system_stm32l1xx.o
 .debug_loc     0x00000000000002ec      0x102 build/stm32l1xx_hal.o
 .debug_loc     0x00000000000003ee      0x65e build/stm32l1xx_hal_cortex.o
 .debug_loc     0x0000000000000a4c      0x419 build/stm32l1xx_hal_gpio.o
 .debug_loc     0x0000000000000e65       0x60 build/stm32l1xx_it.o
 .debug_loc     0x0000000000000ec5      0xb40 build/stm32l1xx_hal_adc.o
 .debug_loc     0x0000000000001a05       0x38 build/stm32l1xx_hal_msp.o
 .debug_loc     0x0000000000001a3d     0x3d0e build/stm32l1xx_hal_tim.o
 .debug_loc     0x000000000000574b      0xcb3 build/stm32l1xx_hal_rcc.o
 .debug_loc     0x00000000000063fe       0x38 build/gpio.o
 .debug_loc     0x0000000000006436      0x103 build/pwm.o
 .debug_loc     0x0000000000006539       0xac build/encoder.o

.debug_aranges  0x0000000000000000      0x888
 .debug_aranges
                0x0000000000000000       0x38 build/main.o
 .debug_aranges
                0x0000000000000038       0x30 build/adc.o
 .debug_aranges
                0x0000000000000068       0x28 build/system_stm32l1xx.o
 .debug_aranges
                0x0000000000000090       0xb0 build/stm32l1xx_hal.o
 .debug_aranges
                0x0000000000000140       0xa8 build/stm32l1xx_hal_cortex.o
 .debug_aranges
                0x00000000000001e8       0x58 build/stm32l1xx_hal_gpio.o
 .debug_aranges
                0x0000000000000240       0x70 build/stm32l1xx_it.o
 .debug_aranges
                0x00000000000002b0       0xf0 build/stm32l1xx_hal_adc.o
 .debug_aranges
                0x00000000000003a0       0x20 build/stm32l1xx_hal_msp.o
 .debug_aranges
                0x00000000000003c0      0x368 build/stm32l1xx_hal_tim.o
 .debug_aranges
                0x0000000000000728       0x90 build/stm32l1xx_hal_rcc.o
 .debug_aranges
                0x00000000000007b8       0x20 build/gpio.o
 .debug_aranges
                0x00000000000007d8       0x38 build/pwm.o
 .debug_aranges
                0x0000000000000810       0x50 build/encoder.o
 .debug_aranges
                0x0000000000000860       0x28 build/startup_stm32l151xb.o

.debug_ranges   0x0000000000000000      0x818
 .debug_ranges  0x0000000000000000       0x28 build/main.o
 .debug_ranges  0x0000000000000028       0x20 build/adc.o
 .debug_ranges  0x0000000000000048       0x18 build/system_stm32l1xx.o
 .debug_ranges  0x0000000000000060       0xa0 build/stm32l1xx_hal.o
 .debug_ranges  0x0000000000000100       0xf8 build/stm32l1xx_hal_cortex.o
 .debug_ranges  0x00000000000001f8       0x48 build/stm32l1xx_hal_gpio.o
 .debug_ranges  0x0000000000000240       0x60 build/stm32l1xx_it.o
 .debug_ranges  0x00000000000002a0       0xe0 build/stm32l1xx_hal_adc.o
 .debug_ranges  0x0000000000000380       0x10 build/stm32l1xx_hal_msp.o
 .debug_ranges  0x0000000000000390      0x358 build/stm32l1xx_hal_tim.o
 .debug_ranges  0x00000000000006e8       0x98 build/stm32l1xx_hal_rcc.o
 .debug_ranges  0x0000000000000780       0x10 build/gpio.o
 .debug_ranges  0x0000000000000790       0x28 build/pwm.o
 .debug_ranges  0x00000000000007b8       0x40 build/encoder.o
 .debug_ranges  0x00000000000007f8       0x20 build/startup_stm32l151xb.o

.debug_line     0x0000000000000000     0x43ac
 .debug_line    0x0000000000000000      0x333 build/main.o
 .debug_line    0x0000000000000333      0x2db build/adc.o
 .debug_line    0x000000000000060e      0x237 build/system_stm32l1xx.o
 .debug_line    0x0000000000000845      0x3b8 build/stm32l1xx_hal.o
 .debug_line    0x0000000000000bfd      0x47b build/stm32l1xx_hal_cortex.o
 .debug_line    0x0000000000001078      0x3ce build/stm32l1xx_hal_gpio.o
 .debug_line    0x0000000000001446      0x2fa build/stm32l1xx_it.o
 .debug_line    0x0000000000001740      0x771 build/stm32l1xx_hal_adc.o
 .debug_line    0x0000000000001eb1      0x24c build/stm32l1xx_hal_msp.o
 .debug_line    0x00000000000020fd     0x10fb build/stm32l1xx_hal_tim.o
 .debug_line    0x00000000000031f8      0x8ad build/stm32l1xx_hal_rcc.o
 .debug_line    0x0000000000003aa5      0x268 build/gpio.o
 .debug_line    0x0000000000003d0d      0x313 build/pwm.o
 .debug_line    0x0000000000004020      0x31a build/encoder.o
 .debug_line    0x000000000000433a       0x72 build/startup_stm32l151xb.o

.debug_str      0x0000000000000000     0x2cb4
 .debug_str     0x0000000000000000      0xe24 build/main.o
                                        0xed6 (size before relaxing)
 .debug_str     0x0000000000000e24      0x191 build/adc.o
                                        0xb2e (size before relaxing)
 .debug_str     0x0000000000000fb5       0xb7 build/system_stm32l1xx.o
                                        0x6da (size before relaxing)
 .debug_str     0x000000000000106c      0x20d build/stm32l1xx_hal.o
                                        0xb54 (size before relaxing)
 .debug_str     0x0000000000001279      0x37d build/stm32l1xx_hal_cortex.o
                                        0xdf6 (size before relaxing)
 .debug_str     0x00000000000015f6      0x142 build/stm32l1xx_hal_gpio.o
                                        0x84c (size before relaxing)
 .debug_str     0x0000000000001738       0xc5 build/stm32l1xx_it.o
                                        0x6d3 (size before relaxing)
 .debug_str     0x00000000000017fd      0x2f3 build/stm32l1xx_hal_adc.o
                                        0xdb0 (size before relaxing)
 .debug_str     0x0000000000001af0       0x18 build/stm32l1xx_hal_msp.o
                                        0x93d (size before relaxing)
 .debug_str     0x0000000000001b08      0xe9b build/stm32l1xx_hal_tim.o
                                       0x170f (size before relaxing)
 .debug_str     0x00000000000029a3      0x1f0 build/stm32l1xx_hal_rcc.o
                                        0xa9f (size before relaxing)
 .debug_str     0x0000000000002b93        0xb build/gpio.o
                                        0x9b6 (size before relaxing)
 .debug_str     0x0000000000002b9e       0x4c build/pwm.o
                                        0xc2e (size before relaxing)
 .debug_str     0x0000000000002bea       0xca build/encoder.o
                                        0xf0d (size before relaxing)

.comment        0x0000000000000000       0x7f
 .comment       0x0000000000000000       0x7f build/main.o
                                         0x80 (size before relaxing)
 .comment       0x000000000000007f       0x80 build/adc.o
 .comment       0x000000000000007f       0x80 build/system_stm32l1xx.o
 .comment       0x000000000000007f       0x80 build/stm32l1xx_hal.o
 .comment       0x000000000000007f       0x80 build/stm32l1xx_hal_cortex.o
 .comment       0x000000000000007f       0x80 build/stm32l1xx_hal_gpio.o
 .comment       0x000000000000007f       0x80 build/stm32l1xx_it.o
 .comment       0x000000000000007f       0x80 build/stm32l1xx_hal_adc.o
 .comment       0x000000000000007f       0x80 build/stm32l1xx_hal_msp.o
 .comment       0x000000000000007f       0x80 build/stm32l1xx_hal_tim.o
 .comment       0x000000000000007f       0x80 build/stm32l1xx_hal_rcc.o
 .comment       0x000000000000007f       0x80 build/gpio.o
 .comment       0x000000000000007f       0x80 build/pwm.o
 .comment       0x000000000000007f       0x80 build/encoder.o

.debug_frame    0x0000000000000000     0x1860
 .debug_frame   0x0000000000000000       0x6c build/main.o
 .debug_frame   0x000000000000006c       0x68 build/adc.o
 .debug_frame   0x00000000000000d4       0x30 build/system_stm32l1xx.o
 .debug_frame   0x0000000000000104      0x174 build/stm32l1xx_hal.o
 .debug_frame   0x0000000000000278      0x16c build/stm32l1xx_hal_cortex.o
 .debug_frame   0x00000000000003e4       0xe4 build/stm32l1xx_hal_gpio.o
 .debug_frame   0x00000000000004c8       0xe4 build/stm32l1xx_it.o
 .debug_frame   0x00000000000005ac      0x330 build/stm32l1xx_hal_adc.o
 .debug_frame   0x00000000000008dc       0x30 build/stm32l1xx_hal_msp.o
 .debug_frame   0x000000000000090c      0xb04 build/stm32l1xx_hal_tim.o
 .debug_frame   0x0000000000001410      0x180 build/stm32l1xx_hal_rcc.o
 .debug_frame   0x0000000000001590       0x38 build/gpio.o
 .debug_frame   0x00000000000015c8       0x90 build/pwm.o
 .debug_frame   0x0000000000001658       0xb8 build/encoder.o
 .debug_frame   0x0000000000001710       0x2c /home/ricardo/opt/gcc-arm-none-eabi-6-2017-q1-update/bin/../lib/gcc/arm-none-eabi/6.3.1/../../../../arm-none-eabi/lib/thumb/v7-m/libc_nano.a(lib_a-init.o)
 .debug_frame   0x000000000000173c       0x38 /home/ricardo/opt/gcc-arm-none-eabi-6-2017-q1-update/bin/../lib/gcc/arm-none-eabi/6.3.1/thumb/v7-m/libgcc.a(_arm_muldivsf3.o)
 .debug_frame   0x0000000000001774       0xc8 /home/ricardo/opt/gcc-arm-none-eabi-6-2017-q1-update/bin/../lib/gcc/arm-none-eabi/6.3.1/thumb/v7-m/libgcc.a(_arm_cmpsf2.o)
 .debug_frame   0x000000000000183c       0x24 /home/ricardo/opt/gcc-arm-none-eabi-6-2017-q1-update/bin/../lib/gcc/arm-none-eabi/6.3.1/thumb/v7-m/libgcc.a(_arm_fixunssfsi.o)

Cross Reference Table

Symbol                                            File
ADC1_IRQHandler                                   build/startup_stm32l151xb.o
ADC_ConversionStop_Disable                        build/stm32l1xx_hal_adc.o
                                                  build/stm32l1xx_hal_adc_ex.o
ADC_Enable                                        build/stm32l1xx_hal_adc.o
                                                  build/stm32l1xx_hal_adc_ex.o
AHBPrescTable                                     build/system_stm32l1xx.o
                                                  build/stm32l1xx_hal_rcc.o
APBPrescTable                                     build/system_stm32l1xx.o
                                                  build/stm32l1xx_hal_rcc.o
BusFault_Handler                                  build/stm32l1xx_it.o
COMP_IRQHandler                                   build/startup_stm32l151xb.o
DAC_IRQHandler                                    build/startup_stm32l151xb.o
DMA1_Channel1_IRQHandler                          build/startup_stm32l151xb.o
DMA1_Channel2_IRQHandler                          build/startup_stm32l151xb.o
DMA1_Channel3_IRQHandler                          build/startup_stm32l151xb.o
DMA1_Channel4_IRQHandler                          build/startup_stm32l151xb.o
DMA1_Channel5_IRQHandler                          build/startup_stm32l151xb.o
DMA1_Channel6_IRQHandler                          build/startup_stm32l151xb.o
DMA1_Channel7_IRQHandler                          build/startup_stm32l151xb.o
DebugMon_Handler                                  build/stm32l1xx_it.o
Default_Handler                                   build/startup_stm32l151xb.o
EXTI0_IRQHandler                                  build/startup_stm32l151xb.o
EXTI15_10_IRQHandler                              build/startup_stm32l151xb.o
EXTI1_IRQHandler                                  build/stm32l1xx_it.o
EXTI2_IRQHandler                                  build/stm32l1xx_it.o
EXTI3_IRQHandler                                  build/startup_stm32l151xb.o
EXTI4_IRQHandler                                  build/startup_stm32l151xb.o
EXTI9_5_IRQHandler                                build/startup_stm32l151xb.o
FLASH_IRQHandler                                  build/startup_stm32l151xb.o
FLASH_PageErase                                   build/stm32l1xx_hal_flash_ex.o
                                                  build/stm32l1xx_hal_flash.o
FLASH_WaitForLastOperation                        build/stm32l1xx_hal_flash.o
                                                  build/stm32l1xx_hal_flash_ex.o
HAL_ADCEx_InjectedConfigChannel                   build/stm32l1xx_hal_adc_ex.o
HAL_ADCEx_InjectedConvCpltCallback                build/stm32l1xx_hal_adc_ex.o
                                                  build/stm32l1xx_hal_adc.o
HAL_ADCEx_InjectedGetValue                        build/stm32l1xx_hal_adc_ex.o
HAL_ADCEx_InjectedPollForConversion               build/stm32l1xx_hal_adc_ex.o
HAL_ADCEx_InjectedStart                           build/stm32l1xx_hal_adc_ex.o
HAL_ADCEx_InjectedStart_IT                        build/stm32l1xx_hal_adc_ex.o
HAL_ADCEx_InjectedStop                            build/stm32l1xx_hal_adc_ex.o
HAL_ADCEx_InjectedStop_IT                         build/stm32l1xx_hal_adc_ex.o
HAL_ADC_AnalogWDGConfig                           build/stm32l1xx_hal_adc.o
HAL_ADC_ConfigChannel                             build/stm32l1xx_hal_adc.o
                                                  build/adc.o
HAL_ADC_ConvCpltCallback                          build/stm32l1xx_hal_adc.o
HAL_ADC_ConvHalfCpltCallback                      build/stm32l1xx_hal_adc.o
HAL_ADC_DeInit                                    build/stm32l1xx_hal_adc.o
HAL_ADC_ErrorCallback                             build/stm32l1xx_hal_adc.o
HAL_ADC_GetError                                  build/stm32l1xx_hal_adc.o
HAL_ADC_GetState                                  build/stm32l1xx_hal_adc.o
HAL_ADC_GetValue                                  build/stm32l1xx_hal_adc.o
HAL_ADC_IRQHandler                                build/stm32l1xx_hal_adc.o
HAL_ADC_Init                                      build/stm32l1xx_hal_adc.o
                                                  build/adc.o
HAL_ADC_LevelOutOfWindowCallback                  build/stm32l1xx_hal_adc.o
HAL_ADC_MspDeInit                                 build/adc.o
HAL_ADC_MspInit                                   build/adc.o
HAL_ADC_PollForConversion                         build/stm32l1xx_hal_adc.o
HAL_ADC_PollForEvent                              build/stm32l1xx_hal_adc.o
HAL_ADC_Start                                     build/stm32l1xx_hal_adc.o
HAL_ADC_Start_DMA                                 build/stm32l1xx_hal_adc.o
HAL_ADC_Start_IT                                  build/stm32l1xx_hal_adc.o
HAL_ADC_Stop                                      build/stm32l1xx_hal_adc.o
HAL_ADC_Stop_DMA                                  build/stm32l1xx_hal_adc.o
HAL_ADC_Stop_IT                                   build/stm32l1xx_hal_adc.o
HAL_DBGMCU_DisableDBGSleepMode                    build/stm32l1xx_hal.o
HAL_DBGMCU_DisableDBGStandbyMode                  build/stm32l1xx_hal.o
HAL_DBGMCU_DisableDBGStopMode                     build/stm32l1xx_hal.o
HAL_DBGMCU_EnableDBGSleepMode                     build/stm32l1xx_hal.o
HAL_DBGMCU_EnableDBGStandbyMode                   build/stm32l1xx_hal.o
HAL_DBGMCU_EnableDBGStopMode                      build/stm32l1xx_hal.o
HAL_DMA_Abort                                     build/stm32l1xx_hal_dma.o
                                                  build/stm32l1xx_hal_tim.o
                                                  build/stm32l1xx_hal_adc.o
HAL_DMA_Abort_IT                                  build/stm32l1xx_hal_dma.o
HAL_DMA_DeInit                                    build/stm32l1xx_hal_dma.o
HAL_DMA_GetError                                  build/stm32l1xx_hal_dma.o
HAL_DMA_GetState                                  build/stm32l1xx_hal_dma.o
HAL_DMA_IRQHandler                                build/stm32l1xx_hal_dma.o
HAL_DMA_Init                                      build/stm32l1xx_hal_dma.o
HAL_DMA_PollForTransfer                           build/stm32l1xx_hal_dma.o
HAL_DMA_RegisterCallback                          build/stm32l1xx_hal_dma.o
HAL_DMA_Start                                     build/stm32l1xx_hal_dma.o
HAL_DMA_Start_IT                                  build/stm32l1xx_hal_dma.o
                                                  build/stm32l1xx_hal_tim.o
                                                  build/stm32l1xx_hal_adc.o
HAL_DMA_UnRegisterCallback                        build/stm32l1xx_hal_dma.o
HAL_DeInit                                        build/stm32l1xx_hal.o
HAL_Delay                                         build/stm32l1xx_hal.o
                                                  build/main.o
HAL_FLASHEx_DATAEEPROM_DisableFixedTimeProgram    build/stm32l1xx_hal_flash_ex.o
HAL_FLASHEx_DATAEEPROM_EnableFixedTimeProgram     build/stm32l1xx_hal_flash_ex.o
HAL_FLASHEx_DATAEEPROM_Erase                      build/stm32l1xx_hal_flash_ex.o
HAL_FLASHEx_DATAEEPROM_EraseDoubleWord            build/stm32l1xx_hal_flash_ramfunc.o
HAL_FLASHEx_DATAEEPROM_Lock                       build/stm32l1xx_hal_flash_ex.o
HAL_FLASHEx_DATAEEPROM_Program                    build/stm32l1xx_hal_flash_ex.o
HAL_FLASHEx_DATAEEPROM_ProgramDoubleWord          build/stm32l1xx_hal_flash_ramfunc.o
HAL_FLASHEx_DATAEEPROM_Unlock                     build/stm32l1xx_hal_flash_ex.o
HAL_FLASHEx_DisableRunPowerDown                   build/stm32l1xx_hal_flash_ramfunc.o
HAL_FLASHEx_EnableRunPowerDown                    build/stm32l1xx_hal_flash_ramfunc.o
HAL_FLASHEx_Erase                                 build/stm32l1xx_hal_flash_ex.o
HAL_FLASHEx_Erase_IT                              build/stm32l1xx_hal_flash_ex.o
HAL_FLASHEx_GetError                              build/stm32l1xx_hal_flash_ramfunc.o
HAL_FLASHEx_HalfPageProgram                       build/stm32l1xx_hal_flash_ramfunc.o
HAL_FLASHEx_OBGetConfig                           build/stm32l1xx_hal_flash_ex.o
HAL_FLASHEx_OBProgram                             build/stm32l1xx_hal_flash_ex.o
HAL_FLASH_EndOfOperationCallback                  build/stm32l1xx_hal_flash.o
HAL_FLASH_GetError                                build/stm32l1xx_hal_flash.o
HAL_FLASH_IRQHandler                              build/stm32l1xx_hal_flash.o
HAL_FLASH_Lock                                    build/stm32l1xx_hal_flash.o
HAL_FLASH_OB_Launch                               build/stm32l1xx_hal_flash.o
HAL_FLASH_OB_Lock                                 build/stm32l1xx_hal_flash.o
HAL_FLASH_OB_Unlock                               build/stm32l1xx_hal_flash.o
HAL_FLASH_OperationErrorCallback                  build/stm32l1xx_hal_flash.o
HAL_FLASH_Program                                 build/stm32l1xx_hal_flash.o
HAL_FLASH_Program_IT                              build/stm32l1xx_hal_flash.o
HAL_FLASH_Unlock                                  build/stm32l1xx_hal_flash.o
HAL_GPIO_DeInit                                   build/stm32l1xx_hal_gpio.o
                                                  build/adc.o
HAL_GPIO_EXTI_Callback                            build/stm32l1xx_hal_gpio.o
HAL_GPIO_EXTI_IRQHandler                          build/stm32l1xx_hal_gpio.o
                                                  build/stm32l1xx_it.o
HAL_GPIO_Init                                     build/stm32l1xx_hal_gpio.o
                                                  build/encoder.o
                                                  build/pwm.o
                                                  build/gpio.o
                                                  build/stm32l1xx_hal_rcc.o
                                                  build/adc.o
HAL_GPIO_LockPin                                  build/stm32l1xx_hal_gpio.o
HAL_GPIO_ReadPin                                  build/stm32l1xx_hal_gpio.o
HAL_GPIO_TogglePin                                build/stm32l1xx_hal_gpio.o
HAL_GPIO_WritePin                                 build/stm32l1xx_hal_gpio.o
HAL_GetDEVID                                      build/stm32l1xx_hal.o
HAL_GetHalVersion                                 build/stm32l1xx_hal.o
HAL_GetREVID                                      build/stm32l1xx_hal.o
HAL_GetTick                                       build/stm32l1xx_hal.o
                                                  build/stm32l1xx_hal_adc_ex.o
                                                  build/stm32l1xx_hal_rcc.o
                                                  build/stm32l1xx_hal_adc.o
                                                  build/stm32l1xx_hal_flash.o
                                                  build/stm32l1xx_hal_rcc_ex.o
                                                  build/stm32l1xx_hal_dma.o
HAL_IncTick                                       build/stm32l1xx_hal.o
                                                  build/stm32l1xx_it.o
HAL_Init                                          build/stm32l1xx_hal.o
                                                  build/main.o
HAL_InitTick                                      build/stm32l1xx_hal.o
                                                  build/stm32l1xx_hal_rcc.o
HAL_MPU_ConfigRegion                              build/stm32l1xx_hal_cortex.o
HAL_MPU_Disable                                   build/stm32l1xx_hal_cortex.o
HAL_MPU_Enable                                    build/stm32l1xx_hal_cortex.o
HAL_MspDeInit                                     build/stm32l1xx_hal.o
HAL_MspInit                                       build/stm32l1xx_hal_msp.o
                                                  build/stm32l1xx_hal.o
HAL_NVIC_ClearPendingIRQ                          build/stm32l1xx_hal_cortex.o
HAL_NVIC_DisableIRQ                               build/stm32l1xx_hal_cortex.o
HAL_NVIC_EnableIRQ                                build/stm32l1xx_hal_cortex.o
                                                  build/encoder.o
                                                  build/gpio.o
HAL_NVIC_GetActive                                build/stm32l1xx_hal_cortex.o
HAL_NVIC_GetPendingIRQ                            build/stm32l1xx_hal_cortex.o
HAL_NVIC_GetPriority                              build/stm32l1xx_hal_cortex.o
HAL_NVIC_GetPriorityGrouping                      build/stm32l1xx_hal_cortex.o
HAL_NVIC_SetPendingIRQ                            build/stm32l1xx_hal_cortex.o
HAL_NVIC_SetPriority                              build/stm32l1xx_hal_cortex.o
                                                  build/encoder.o
                                                  build/gpio.o
                                                  build/stm32l1xx_hal_msp.o
                                                  build/stm32l1xx_hal.o
                                                  build/main.o
HAL_NVIC_SetPriorityGrouping                      build/stm32l1xx_hal_cortex.o
                                                  build/stm32l1xx_hal_msp.o
                                                  build/stm32l1xx_hal.o
HAL_NVIC_SystemReset                              build/stm32l1xx_hal_cortex.o
HAL_PWREx_DisableFastWakeUp                       build/stm32l1xx_hal_pwr_ex.o
HAL_PWREx_DisableLowPowerRunMode                  build/stm32l1xx_hal_pwr_ex.o
HAL_PWREx_DisableUltraLowPower                    build/stm32l1xx_hal_pwr_ex.o
HAL_PWREx_EnableFastWakeUp                        build/stm32l1xx_hal_pwr_ex.o
HAL_PWREx_EnableLowPowerRunMode                   build/stm32l1xx_hal_pwr_ex.o
HAL_PWREx_EnableUltraLowPower                     build/stm32l1xx_hal_pwr_ex.o
HAL_PWREx_GetVoltageRange                         build/stm32l1xx_hal_pwr_ex.o
HAL_PWR_ConfigPVD                                 build/stm32l1xx_hal_pwr.o
HAL_PWR_DeInit                                    build/stm32l1xx_hal_pwr.o
HAL_PWR_DisableBkUpAccess                         build/stm32l1xx_hal_pwr.o
HAL_PWR_DisablePVD                                build/stm32l1xx_hal_pwr.o
HAL_PWR_DisableSEVOnPend                          build/stm32l1xx_hal_pwr.o
HAL_PWR_DisableSleepOnExit                        build/stm32l1xx_hal_pwr.o
HAL_PWR_DisableWakeUpPin                          build/stm32l1xx_hal_pwr.o
HAL_PWR_EnableBkUpAccess                          build/stm32l1xx_hal_pwr.o
HAL_PWR_EnablePVD                                 build/stm32l1xx_hal_pwr.o
HAL_PWR_EnableSEVOnPend                           build/stm32l1xx_hal_pwr.o
HAL_PWR_EnableSleepOnExit                         build/stm32l1xx_hal_pwr.o
HAL_PWR_EnableWakeUpPin                           build/stm32l1xx_hal_pwr.o
HAL_PWR_EnterSLEEPMode                            build/stm32l1xx_hal_pwr.o
HAL_PWR_EnterSTANDBYMode                          build/stm32l1xx_hal_pwr.o
HAL_PWR_EnterSTOPMode                             build/stm32l1xx_hal_pwr.o
HAL_PWR_PVDCallback                               build/stm32l1xx_hal_pwr.o
HAL_PWR_PVD_IRQHandler                            build/stm32l1xx_hal_pwr.o
HAL_RCCEx_GetPeriphCLKConfig                      build/stm32l1xx_hal_rcc_ex.o
HAL_RCCEx_GetPeriphCLKFreq                        build/stm32l1xx_hal_rcc_ex.o
HAL_RCCEx_PeriphCLKConfig                         build/stm32l1xx_hal_rcc_ex.o
HAL_RCC_CSSCallback                               build/stm32l1xx_hal_rcc.o
HAL_RCC_ClockConfig                               build/stm32l1xx_hal_rcc.o
                                                  build/main.o
HAL_RCC_DeInit                                    build/stm32l1xx_hal_rcc.o
HAL_RCC_DisableCSS                                build/stm32l1xx_hal_rcc.o
HAL_RCC_EnableCSS                                 build/stm32l1xx_hal_rcc.o
HAL_RCC_GetClockConfig                            build/stm32l1xx_hal_rcc.o
HAL_RCC_GetHCLKFreq                               build/stm32l1xx_hal_rcc.o
                                                  build/main.o
HAL_RCC_GetOscConfig                              build/stm32l1xx_hal_rcc.o
HAL_RCC_GetPCLK1Freq                              build/stm32l1xx_hal_rcc.o
                                                  build/pwm.o
HAL_RCC_GetPCLK2Freq                              build/stm32l1xx_hal_rcc.o
HAL_RCC_GetSysClockFreq                           build/stm32l1xx_hal_rcc.o
HAL_RCC_MCOConfig                                 build/stm32l1xx_hal_rcc.o
HAL_RCC_NMI_IRQHandler                            build/stm32l1xx_hal_rcc.o
HAL_RCC_OscConfig                                 build/stm32l1xx_hal_rcc.o
                                                  build/main.o
HAL_ResumeTick                                    build/stm32l1xx_hal.o
HAL_SYSTICK_CLKSourceConfig                       build/stm32l1xx_hal_cortex.o
                                                  build/main.o
HAL_SYSTICK_Callback                              build/stm32l1xx_hal_cortex.o
HAL_SYSTICK_Config                                build/stm32l1xx_hal_cortex.o
                                                  build/stm32l1xx_hal.o
                                                  build/main.o
HAL_SYSTICK_IRQHandler                            build/stm32l1xx_hal_cortex.o
                                                  build/stm32l1xx_it.o
HAL_SuspendTick                                   build/stm32l1xx_hal.o
HAL_TIMEx_MasterConfigSynchronization             build/stm32l1xx_hal_tim_ex.o
HAL_TIMEx_RemapConfig                             build/stm32l1xx_hal_tim_ex.o
HAL_TIM_Base_DeInit                               build/stm32l1xx_hal_tim.o
HAL_TIM_Base_GetState                             build/stm32l1xx_hal_tim.o
HAL_TIM_Base_Init                                 build/stm32l1xx_hal_tim.o
                                                  build/pwm.o
HAL_TIM_Base_MspDeInit                            build/stm32l1xx_hal_tim.o
HAL_TIM_Base_MspInit                              build/stm32l1xx_hal_tim.o
HAL_TIM_Base_Start                                build/stm32l1xx_hal_tim.o
HAL_TIM_Base_Start_DMA                            build/stm32l1xx_hal_tim.o
HAL_TIM_Base_Start_IT                             build/stm32l1xx_hal_tim.o
HAL_TIM_Base_Stop                                 build/stm32l1xx_hal_tim.o
HAL_TIM_Base_Stop_DMA                             build/stm32l1xx_hal_tim.o
HAL_TIM_Base_Stop_IT                              build/stm32l1xx_hal_tim.o
HAL_TIM_ConfigClockSource                         build/stm32l1xx_hal_tim.o
                                                  build/pwm.o
HAL_TIM_ConfigOCrefClear                          build/stm32l1xx_hal_tim.o
HAL_TIM_ConfigTI1Input                            build/stm32l1xx_hal_tim.o
HAL_TIM_DMABurst_ReadStart                        build/stm32l1xx_hal_tim.o
HAL_TIM_DMABurst_ReadStop                         build/stm32l1xx_hal_tim.o
HAL_TIM_DMABurst_WriteStart                       build/stm32l1xx_hal_tim.o
HAL_TIM_DMABurst_WriteStop                        build/stm32l1xx_hal_tim.o
HAL_TIM_Encoder_DeInit                            build/stm32l1xx_hal_tim.o
HAL_TIM_Encoder_GetState                          build/stm32l1xx_hal_tim.o
HAL_TIM_Encoder_Init                              build/stm32l1xx_hal_tim.o
                                                  build/encoder.o
HAL_TIM_Encoder_MspDeInit                         build/stm32l1xx_hal_tim.o
HAL_TIM_Encoder_MspInit                           build/stm32l1xx_hal_tim.o
HAL_TIM_Encoder_Start                             build/stm32l1xx_hal_tim.o
HAL_TIM_Encoder_Start_DMA                         build/stm32l1xx_hal_tim.o
HAL_TIM_Encoder_Start_IT                          build/stm32l1xx_hal_tim.o
                                                  build/encoder.o
HAL_TIM_Encoder_Stop                              build/stm32l1xx_hal_tim.o
HAL_TIM_Encoder_Stop_DMA                          build/stm32l1xx_hal_tim.o
HAL_TIM_Encoder_Stop_IT                           build/stm32l1xx_hal_tim.o
                                                  build/encoder.o
HAL_TIM_ErrorCallback                             build/stm32l1xx_hal_tim.o
HAL_TIM_GenerateEvent                             build/stm32l1xx_hal_tim.o
HAL_TIM_IC_CaptureCallback                        build/stm32l1xx_hal_tim.o
HAL_TIM_IC_ConfigChannel                          build/stm32l1xx_hal_tim.o
HAL_TIM_IC_DeInit                                 build/stm32l1xx_hal_tim.o
HAL_TIM_IC_GetState                               build/stm32l1xx_hal_tim.o
HAL_TIM_IC_Init                                   build/stm32l1xx_hal_tim.o
HAL_TIM_IC_MspDeInit                              build/stm32l1xx_hal_tim.o
HAL_TIM_IC_MspInit                                build/stm32l1xx_hal_tim.o
HAL_TIM_IC_Start                                  build/stm32l1xx_hal_tim.o
HAL_TIM_IC_Start_DMA                              build/stm32l1xx_hal_tim.o
HAL_TIM_IC_Start_IT                               build/stm32l1xx_hal_tim.o
HAL_TIM_IC_Stop                                   build/stm32l1xx_hal_tim.o
HAL_TIM_IC_Stop_DMA                               build/stm32l1xx_hal_tim.o
HAL_TIM_IC_Stop_IT                                build/stm32l1xx_hal_tim.o
HAL_TIM_IRQHandler                                build/stm32l1xx_hal_tim.o
                                                  build/encoder.o
HAL_TIM_OC_ConfigChannel                          build/stm32l1xx_hal_tim.o
HAL_TIM_OC_DeInit                                 build/stm32l1xx_hal_tim.o
HAL_TIM_OC_DelayElapsedCallback                   build/stm32l1xx_hal_tim.o
HAL_TIM_OC_GetState                               build/stm32l1xx_hal_tim.o
HAL_TIM_OC_Init                                   build/stm32l1xx_hal_tim.o
HAL_TIM_OC_MspDeInit                              build/stm32l1xx_hal_tim.o
HAL_TIM_OC_MspInit                                build/stm32l1xx_hal_tim.o
HAL_TIM_OC_Start                                  build/stm32l1xx_hal_tim.o
HAL_TIM_OC_Start_DMA                              build/stm32l1xx_hal_tim.o
HAL_TIM_OC_Start_IT                               build/stm32l1xx_hal_tim.o
HAL_TIM_OC_Stop                                   build/stm32l1xx_hal_tim.o
HAL_TIM_OC_Stop_DMA                               build/stm32l1xx_hal_tim.o
HAL_TIM_OC_Stop_IT                                build/stm32l1xx_hal_tim.o
HAL_TIM_OnePulse_ConfigChannel                    build/stm32l1xx_hal_tim.o
HAL_TIM_OnePulse_DeInit                           build/stm32l1xx_hal_tim.o
HAL_TIM_OnePulse_GetState                         build/stm32l1xx_hal_tim.o
HAL_TIM_OnePulse_Init                             build/stm32l1xx_hal_tim.o
HAL_TIM_OnePulse_MspDeInit                        build/stm32l1xx_hal_tim.o
HAL_TIM_OnePulse_MspInit                          build/stm32l1xx_hal_tim.o
HAL_TIM_OnePulse_Start                            build/stm32l1xx_hal_tim.o
HAL_TIM_OnePulse_Start_IT                         build/stm32l1xx_hal_tim.o
HAL_TIM_OnePulse_Stop                             build/stm32l1xx_hal_tim.o
HAL_TIM_OnePulse_Stop_IT                          build/stm32l1xx_hal_tim.o
HAL_TIM_PWM_ConfigChannel                         build/stm32l1xx_hal_tim.o
                                                  build/pwm.o
HAL_TIM_PWM_DeInit                                build/stm32l1xx_hal_tim.o
HAL_TIM_PWM_GetState                              build/stm32l1xx_hal_tim.o
HAL_TIM_PWM_Init                                  build/stm32l1xx_hal_tim.o
                                                  build/pwm.o
HAL_TIM_PWM_MspDeInit                             build/stm32l1xx_hal_tim.o
HAL_TIM_PWM_MspInit                               build/stm32l1xx_hal_tim.o
HAL_TIM_PWM_PulseFinishedCallback                 build/stm32l1xx_hal_tim.o
HAL_TIM_PWM_Start                                 build/stm32l1xx_hal_tim.o
                                                  build/pwm.o
HAL_TIM_PWM_Start_DMA                             build/stm32l1xx_hal_tim.o
HAL_TIM_PWM_Start_IT                              build/stm32l1xx_hal_tim.o
HAL_TIM_PWM_Stop                                  build/stm32l1xx_hal_tim.o
                                                  build/pwm.o
HAL_TIM_PWM_Stop_DMA                              build/stm32l1xx_hal_tim.o
HAL_TIM_PWM_Stop_IT                               build/stm32l1xx_hal_tim.o
HAL_TIM_PeriodElapsedCallback                     build/stm32l1xx_hal_tim.o
HAL_TIM_ReadCapturedValue                         build/stm32l1xx_hal_tim.o
HAL_TIM_SlaveConfigSynchronization                build/stm32l1xx_hal_tim.o
HAL_TIM_SlaveConfigSynchronization_IT             build/stm32l1xx_hal_tim.o
HAL_TIM_TriggerCallback                           build/stm32l1xx_hal_tim.o
HardFault_Handler                                 build/stm32l1xx_it.o
I2C1_ER_IRQHandler                                build/startup_stm32l151xb.o
I2C1_EV_IRQHandler                                build/startup_stm32l151xb.o
I2C2_ER_IRQHandler                                build/startup_stm32l151xb.o
I2C2_EV_IRQHandler                                build/startup_stm32l151xb.o
MX_ADC_Init                                       build/adc.o
                                                  build/main.o
MX_GPIO_Init                                      build/gpio.o
                                                  build/main.o
MemManage_Handler                                 build/stm32l1xx_it.o
NMI_Handler                                       build/stm32l1xx_it.o
PLLMulTable                                       build/system_stm32l1xx.o
                                                  build/stm32l1xx_hal_rcc.o
PVD_IRQHandler                                    build/startup_stm32l151xb.o
PendSV_Handler                                    build/stm32l1xx_it.o
RCC_IRQHandler                                    build/startup_stm32l151xb.o
RTC_Alarm_IRQHandler                              build/startup_stm32l151xb.o
RTC_WKUP_IRQHandler                               build/startup_stm32l151xb.o
Reset_Handler                                     build/startup_stm32l151xb.o
SPI1_IRQHandler                                   build/startup_stm32l151xb.o
SPI2_IRQHandler                                   build/startup_stm32l151xb.o
SVC_Handler                                       build/stm32l1xx_it.o
SysTick_Handler                                   build/stm32l1xx_it.o
SystemClock_Config                                build/main.o
SystemCoreClock                                   build/system_stm32l1xx.o
                                                  build/stm32l1xx_hal_adc_ex.o
                                                  build/stm32l1xx_hal_rcc.o
                                                  build/stm32l1xx_hal_adc.o
                                                  build/stm32l1xx_hal.o
SystemCoreClockUpdate                             build/system_stm32l1xx.o
SystemInit                                        build/system_stm32l1xx.o
                                                  build/startup_stm32l151xb.o
TAMPER_STAMP_IRQHandler                           build/startup_stm32l151xb.o
TIM10_IRQHandler                                  build/startup_stm32l151xb.o
TIM11_IRQHandler                                  build/startup_stm32l151xb.o
TIM2_IRQHandler                                   build/startup_stm32l151xb.o
TIM3_IRQHandler                                   build/startup_stm32l151xb.o
TIM4_IRQHandler                                   build/encoder.o
TIM6_IRQHandler                                   build/startup_stm32l151xb.o
TIM7_IRQHandler                                   build/startup_stm32l151xb.o
TIM9_IRQHandler                                   build/startup_stm32l151xb.o
TIM_DMACaptureCplt                                build/stm32l1xx_hal_tim.o
TIM_DMADelayPulseCplt                             build/stm32l1xx_hal_tim.o
TIM_DMAError                                      build/stm32l1xx_hal_tim.o
USART1_IRQHandler                                 build/startup_stm32l151xb.o
USART2_IRQHandler                                 build/startup_stm32l151xb.o
USART3_IRQHandler                                 build/startup_stm32l151xb.o
USB_FS_WKUP_IRQHandler                            build/startup_stm32l151xb.o
USB_HP_IRQHandler                                 build/startup_stm32l151xb.o
USB_LP_IRQHandler                                 build/startup_stm32l151xb.o
UsageFault_Handler                                build/stm32l1xx_it.o
WWDG_IRQHandler                                   build/startup_stm32l151xb.o
_Error_Handler                                    build/main.o
                                                  build/adc.o
_Jv_RegisterClasses                               /home/ricardo/opt/gcc-arm-none-eabi-6-2017-q1-update/bin/../lib/gcc/arm-none-eabi/6.3.1/thumb/v7-m/crtbegin.o
__aeabi_cfcmpeq                                   /home/ricardo/opt/gcc-arm-none-eabi-6-2017-q1-update/bin/../lib/gcc/arm-none-eabi/6.3.1/thumb/v7-m/libgcc.a(_arm_cmpsf2.o)
__aeabi_cfcmple                                   /home/ricardo/opt/gcc-arm-none-eabi-6-2017-q1-update/bin/../lib/gcc/arm-none-eabi/6.3.1/thumb/v7-m/libgcc.a(_arm_cmpsf2.o)
__aeabi_cfrcmple                                  /home/ricardo/opt/gcc-arm-none-eabi-6-2017-q1-update/bin/../lib/gcc/arm-none-eabi/6.3.1/thumb/v7-m/libgcc.a(_arm_cmpsf2.o)
__aeabi_f2uiz                                     /home/ricardo/opt/gcc-arm-none-eabi-6-2017-q1-update/bin/../lib/gcc/arm-none-eabi/6.3.1/thumb/v7-m/libgcc.a(_arm_fixunssfsi.o)
                                                  build/pwm.o
__aeabi_fcmpeq                                    /home/ricardo/opt/gcc-arm-none-eabi-6-2017-q1-update/bin/../lib/gcc/arm-none-eabi/6.3.1/thumb/v7-m/libgcc.a(_arm_cmpsf2.o)
__aeabi_fcmpge                                    /home/ricardo/opt/gcc-arm-none-eabi-6-2017-q1-update/bin/../lib/gcc/arm-none-eabi/6.3.1/thumb/v7-m/libgcc.a(_arm_cmpsf2.o)
__aeabi_fcmpgt                                    /home/ricardo/opt/gcc-arm-none-eabi-6-2017-q1-update/bin/../lib/gcc/arm-none-eabi/6.3.1/thumb/v7-m/libgcc.a(_arm_cmpsf2.o)
                                                  build/pwm.o
__aeabi_fcmple                                    /home/ricardo/opt/gcc-arm-none-eabi-6-2017-q1-update/bin/../lib/gcc/arm-none-eabi/6.3.1/thumb/v7-m/libgcc.a(_arm_cmpsf2.o)
__aeabi_fcmplt                                    /home/ricardo/opt/gcc-arm-none-eabi-6-2017-q1-update/bin/../lib/gcc/arm-none-eabi/6.3.1/thumb/v7-m/libgcc.a(_arm_cmpsf2.o)
                                                  build/pwm.o
__aeabi_fdiv                                      /home/ricardo/opt/gcc-arm-none-eabi-6-2017-q1-update/bin/../lib/gcc/arm-none-eabi/6.3.1/thumb/v7-m/libgcc.a(_arm_muldivsf3.o)
__aeabi_fmul                                      /home/ricardo/opt/gcc-arm-none-eabi-6-2017-q1-update/bin/../lib/gcc/arm-none-eabi/6.3.1/thumb/v7-m/libgcc.a(_arm_muldivsf3.o)
                                                  build/pwm.o
__bss_end__                                       /home/ricardo/opt/gcc-arm-none-eabi-6-2017-q1-update/bin/../lib/gcc/arm-none-eabi/6.3.1/../../../../arm-none-eabi/lib/thumb/v7-m/crt0.o
__bss_start__                                     /home/ricardo/opt/gcc-arm-none-eabi-6-2017-q1-update/bin/../lib/gcc/arm-none-eabi/6.3.1/../../../../arm-none-eabi/lib/thumb/v7-m/crt0.o
__call_exitprocs                                  /home/ricardo/opt/gcc-arm-none-eabi-6-2017-q1-update/bin/../lib/gcc/arm-none-eabi/6.3.1/../../../../arm-none-eabi/lib/thumb/v7-m/libc_nano.a(lib_a-exit.o)
__cmpsf2                                          /home/ricardo/opt/gcc-arm-none-eabi-6-2017-q1-update/bin/../lib/gcc/arm-none-eabi/6.3.1/thumb/v7-m/libgcc.a(_arm_cmpsf2.o)
__deregister_frame_info                           /home/ricardo/opt/gcc-arm-none-eabi-6-2017-q1-update/bin/../lib/gcc/arm-none-eabi/6.3.1/thumb/v7-m/crtbegin.o
__divsf3                                          /home/ricardo/opt/gcc-arm-none-eabi-6-2017-q1-update/bin/../lib/gcc/arm-none-eabi/6.3.1/thumb/v7-m/libgcc.a(_arm_muldivsf3.o)
__dso_handle                                      /home/ricardo/opt/gcc-arm-none-eabi-6-2017-q1-update/bin/../lib/gcc/arm-none-eabi/6.3.1/thumb/v7-m/crtbegin.o
__eqsf2                                           /home/ricardo/opt/gcc-arm-none-eabi-6-2017-q1-update/bin/../lib/gcc/arm-none-eabi/6.3.1/thumb/v7-m/libgcc.a(_arm_cmpsf2.o)
__fixunssfsi                                      /home/ricardo/opt/gcc-arm-none-eabi-6-2017-q1-update/bin/../lib/gcc/arm-none-eabi/6.3.1/thumb/v7-m/libgcc.a(_arm_fixunssfsi.o)
__gesf2                                           /home/ricardo/opt/gcc-arm-none-eabi-6-2017-q1-update/bin/../lib/gcc/arm-none-eabi/6.3.1/thumb/v7-m/libgcc.a(_arm_cmpsf2.o)
__gtsf2                                           /home/ricardo/opt/gcc-arm-none-eabi-6-2017-q1-update/bin/../lib/gcc/arm-none-eabi/6.3.1/thumb/v7-m/libgcc.a(_arm_cmpsf2.o)
__init_array_end                                  /home/ricardo/opt/gcc-arm-none-eabi-6-2017-q1-update/bin/../lib/gcc/arm-none-eabi/6.3.1/../../../../arm-none-eabi/lib/thumb/v7-m/libc_nano.a(lib_a-init.o)
__init_array_start                                /home/ricardo/opt/gcc-arm-none-eabi-6-2017-q1-update/bin/../lib/gcc/arm-none-eabi/6.3.1/../../../../arm-none-eabi/lib/thumb/v7-m/libc_nano.a(lib_a-init.o)
__lesf2                                           /home/ricardo/opt/gcc-arm-none-eabi-6-2017-q1-update/bin/../lib/gcc/arm-none-eabi/6.3.1/thumb/v7-m/libgcc.a(_arm_cmpsf2.o)
__libc_fini_array                                 /home/ricardo/opt/gcc-arm-none-eabi-6-2017-q1-update/bin/../lib/gcc/arm-none-eabi/6.3.1/../../../../arm-none-eabi/lib/thumb/v7-m/crt0.o
__libc_init_array                                 /home/ricardo/opt/gcc-arm-none-eabi-6-2017-q1-update/bin/../lib/gcc/arm-none-eabi/6.3.1/../../../../arm-none-eabi/lib/thumb/v7-m/libc_nano.a(lib_a-init.o)
                                                  build/startup_stm32l151xb.o
                                                  /home/ricardo/opt/gcc-arm-none-eabi-6-2017-q1-update/bin/../lib/gcc/arm-none-eabi/6.3.1/../../../../arm-none-eabi/lib/thumb/v7-m/crt0.o
__ltsf2                                           /home/ricardo/opt/gcc-arm-none-eabi-6-2017-q1-update/bin/../lib/gcc/arm-none-eabi/6.3.1/thumb/v7-m/libgcc.a(_arm_cmpsf2.o)
__mulsf3                                          /home/ricardo/opt/gcc-arm-none-eabi-6-2017-q1-update/bin/../lib/gcc/arm-none-eabi/6.3.1/thumb/v7-m/libgcc.a(_arm_muldivsf3.o)
__nesf2                                           /home/ricardo/opt/gcc-arm-none-eabi-6-2017-q1-update/bin/../lib/gcc/arm-none-eabi/6.3.1/thumb/v7-m/libgcc.a(_arm_cmpsf2.o)
__preinit_array_end                               /home/ricardo/opt/gcc-arm-none-eabi-6-2017-q1-update/bin/../lib/gcc/arm-none-eabi/6.3.1/../../../../arm-none-eabi/lib/thumb/v7-m/libc_nano.a(lib_a-init.o)
__preinit_array_start                             /home/ricardo/opt/gcc-arm-none-eabi-6-2017-q1-update/bin/../lib/gcc/arm-none-eabi/6.3.1/../../../../arm-none-eabi/lib/thumb/v7-m/libc_nano.a(lib_a-init.o)
__register_frame_info                             /home/ricardo/opt/gcc-arm-none-eabi-6-2017-q1-update/bin/../lib/gcc/arm-none-eabi/6.3.1/thumb/v7-m/crtbegin.o
__sf_fake_stderr                                  /home/ricardo/opt/gcc-arm-none-eabi-6-2017-q1-update/bin/../lib/gcc/arm-none-eabi/6.3.1/../../../../arm-none-eabi/lib/thumb/v7-m/libc_nano.a(lib_a-impure.o)
__sf_fake_stdin                                   /home/ricardo/opt/gcc-arm-none-eabi-6-2017-q1-update/bin/../lib/gcc/arm-none-eabi/6.3.1/../../../../arm-none-eabi/lib/thumb/v7-m/libc_nano.a(lib_a-impure.o)
__sf_fake_stdout                                  /home/ricardo/opt/gcc-arm-none-eabi-6-2017-q1-update/bin/../lib/gcc/arm-none-eabi/6.3.1/../../../../arm-none-eabi/lib/thumb/v7-m/libc_nano.a(lib_a-impure.o)
__stack                                           /home/ricardo/opt/gcc-arm-none-eabi-6-2017-q1-update/bin/../lib/gcc/arm-none-eabi/6.3.1/../../../../arm-none-eabi/lib/thumb/v7-m/crt0.o
_ebss                                             build/startup_stm32l151xb.o
_edata                                            build/startup_stm32l151xb.o
_estack                                           build/startup_stm32l151xb.o
_exit                                             /home/ricardo/opt/gcc-arm-none-eabi-6-2017-q1-update/bin/../lib/gcc/arm-none-eabi/6.3.1/../../../../arm-none-eabi/lib/thumb/v7-m/libnosys.a(_exit.o)
                                                  /home/ricardo/opt/gcc-arm-none-eabi-6-2017-q1-update/bin/../lib/gcc/arm-none-eabi/6.3.1/../../../../arm-none-eabi/lib/thumb/v7-m/libc_nano.a(lib_a-exit.o)
_fini                                             /home/ricardo/opt/gcc-arm-none-eabi-6-2017-q1-update/bin/../lib/gcc/arm-none-eabi/6.3.1/thumb/v7-m/crti.o
_global_impure_ptr                                /home/ricardo/opt/gcc-arm-none-eabi-6-2017-q1-update/bin/../lib/gcc/arm-none-eabi/6.3.1/../../../../arm-none-eabi/lib/thumb/v7-m/libc_nano.a(lib_a-impure.o)
                                                  /home/ricardo/opt/gcc-arm-none-eabi-6-2017-q1-update/bin/../lib/gcc/arm-none-eabi/6.3.1/../../../../arm-none-eabi/lib/thumb/v7-m/libc_nano.a(lib_a-exit.o)
_impure_ptr                                       /home/ricardo/opt/gcc-arm-none-eabi-6-2017-q1-update/bin/../lib/gcc/arm-none-eabi/6.3.1/../../../../arm-none-eabi/lib/thumb/v7-m/libc_nano.a(lib_a-impure.o)
_init                                             /home/ricardo/opt/gcc-arm-none-eabi-6-2017-q1-update/bin/../lib/gcc/arm-none-eabi/6.3.1/thumb/v7-m/crti.o
                                                  /home/ricardo/opt/gcc-arm-none-eabi-6-2017-q1-update/bin/../lib/gcc/arm-none-eabi/6.3.1/../../../../arm-none-eabi/lib/thumb/v7-m/libc_nano.a(lib_a-init.o)
_mainCRTStartup                                   /home/ricardo/opt/gcc-arm-none-eabi-6-2017-q1-update/bin/../lib/gcc/arm-none-eabi/6.3.1/../../../../arm-none-eabi/lib/thumb/v7-m/crt0.o
_sbss                                             build/startup_stm32l151xb.o
_sdata                                            build/startup_stm32l151xb.o
_sidata                                           build/startup_stm32l151xb.o
_start                                            /home/ricardo/opt/gcc-arm-none-eabi-6-2017-q1-update/bin/../lib/gcc/arm-none-eabi/6.3.1/../../../../arm-none-eabi/lib/thumb/v7-m/crt0.o
atexit                                            /home/ricardo/opt/gcc-arm-none-eabi-6-2017-q1-update/bin/../lib/gcc/arm-none-eabi/6.3.1/../../../../arm-none-eabi/lib/thumb/v7-m/crt0.o
encoder_button_callback                           build/encoder.o
encoder_handle                                    build/encoder.o
encoder_init                                      build/encoder.o
                                                  build/main.o
encoder_rotation_callback                         build/encoder.o
encoder_set_button_callback                       build/encoder.o
encoder_set_rotation_callback                     build/encoder.o
                                                  build/main.o
encoder_start                                     build/encoder.o
                                                  build/main.o
encoder_stop                                      build/encoder.o
exit                                              /home/ricardo/opt/gcc-arm-none-eabi-6-2017-q1-update/bin/../lib/gcc/arm-none-eabi/6.3.1/../../../../arm-none-eabi/lib/thumb/v7-m/libc_nano.a(lib_a-exit.o)
                                                  /home/ricardo/opt/gcc-arm-none-eabi-6-2017-q1-update/bin/../lib/gcc/arm-none-eabi/6.3.1/../../../../arm-none-eabi/lib/thumb/v7-m/crt0.o
g_pfnVectors                                      build/startup_stm32l151xb.o
hadc                                              build/adc.o
hardware_init_hook                                /home/ricardo/opt/gcc-arm-none-eabi-6-2017-q1-update/bin/../lib/gcc/arm-none-eabi/6.3.1/../../../../arm-none-eabi/lib/thumb/v7-m/crt0.o
htim                                              build/pwm.o
main                                              build/main.o
                                                  build/startup_stm32l151xb.o
                                                  /home/ricardo/opt/gcc-arm-none-eabi-6-2017-q1-update/bin/../lib/gcc/arm-none-eabi/6.3.1/../../../../arm-none-eabi/lib/thumb/v7-m/crt0.o
memset                                            /home/ricardo/opt/gcc-arm-none-eabi-6-2017-q1-update/bin/../lib/gcc/arm-none-eabi/6.3.1/../../../../arm-none-eabi/lib/thumb/v7-m/libc_nano.a(lib_a-memset.o)
                                                  /home/ricardo/opt/gcc-arm-none-eabi-6-2017-q1-update/bin/../lib/gcc/arm-none-eabi/6.3.1/../../../../arm-none-eabi/lib/thumb/v7-m/crt0.o
pFlash                                            build/stm32l1xx_hal_flash.o
                                                  build/stm32l1xx_hal_flash_ex.o
                                                  build/stm32l1xx_hal_flash_ramfunc.o
pwm_init                                          build/pwm.o
                                                  build/main.o
pwm_set_dutycyle                                  build/pwm.o
                                                  build/main.o
pwm_start                                         build/pwm.o
                                                  build/main.o
pwm_stop                                          build/pwm.o
rotation_cb                                       build/main.o
software_init_hook                                /home/ricardo/opt/gcc-arm-none-eabi-6-2017-q1-update/bin/../lib/gcc/arm-none-eabi/6.3.1/../../../../arm-none-eabi/lib/thumb/v7-m/crt0.o
test                                              build/main.o
uwTick                                            build/stm32l1xx_hal.o
