Archive member included to satisfy reference by file (symbol)

c:/program files (x86)/gnu tools arm embedded/6 2017-q1-update/bin/../lib/gcc/arm-none-eabi/6.3.1/../../../../arm-none-eabi/lib/thumb/v7e-m/fpv4-sp/hard\libg.a(lib_a-exit.o)
                              c:/program files (x86)/gnu tools arm embedded/6 2017-q1-update/bin/../lib/gcc/arm-none-eabi/6.3.1/../../../../arm-none-eabi/lib/thumb/v7e-m/fpv4-sp/hard/crt0.o (exit)
c:/program files (x86)/gnu tools arm embedded/6 2017-q1-update/bin/../lib/gcc/arm-none-eabi/6.3.1/../../../../arm-none-eabi/lib/thumb/v7e-m/fpv4-sp/hard\libg.a(lib_a-impure.o)
                              c:/program files (x86)/gnu tools arm embedded/6 2017-q1-update/bin/../lib/gcc/arm-none-eabi/6.3.1/../../../../arm-none-eabi/lib/thumb/v7e-m/fpv4-sp/hard\libg.a(lib_a-exit.o) (_global_impure_ptr)
c:/program files (x86)/gnu tools arm embedded/6 2017-q1-update/bin/../lib/gcc/arm-none-eabi/6.3.1/../../../../arm-none-eabi/lib/thumb/v7e-m/fpv4-sp/hard\libg.a(lib_a-init.o)
                              c:/program files (x86)/gnu tools arm embedded/6 2017-q1-update/bin/../lib/gcc/arm-none-eabi/6.3.1/../../../../arm-none-eabi/lib/thumb/v7e-m/fpv4-sp/hard/crt0.o (__libc_init_array)
c:/program files (x86)/gnu tools arm embedded/6 2017-q1-update/bin/../lib/gcc/arm-none-eabi/6.3.1/../../../../arm-none-eabi/lib/thumb/v7e-m/fpv4-sp/hard\libg.a(lib_a-memset.o)
                              c:/program files (x86)/gnu tools arm embedded/6 2017-q1-update/bin/../lib/gcc/arm-none-eabi/6.3.1/../../../../arm-none-eabi/lib/thumb/v7e-m/fpv4-sp/hard/crt0.o (memset)
c:/program files (x86)/gnu tools arm embedded/6 2017-q1-update/bin/../lib/gcc/arm-none-eabi/6.3.1/../../../../arm-none-eabi/lib/thumb/v7e-m/fpv4-sp/hard\libg.a(lib_a-__call_atexit.o)
                              c:/program files (x86)/gnu tools arm embedded/6 2017-q1-update/bin/../lib/gcc/arm-none-eabi/6.3.1/../../../../arm-none-eabi/lib/thumb/v7e-m/fpv4-sp/hard\libg.a(lib_a-exit.o) (__call_exitprocs)
c:/program files (x86)/gnu tools arm embedded/6 2017-q1-update/bin/../lib/gcc/arm-none-eabi/6.3.1/../../../../arm-none-eabi/lib/thumb/v7e-m/fpv4-sp/hard\libg.a(lib_a-atexit.o)
                              c:/program files (x86)/gnu tools arm embedded/6 2017-q1-update/bin/../lib/gcc/arm-none-eabi/6.3.1/../../../../arm-none-eabi/lib/thumb/v7e-m/fpv4-sp/hard\libg.a(lib_a-__call_atexit.o) (atexit)
c:/program files (x86)/gnu tools arm embedded/6 2017-q1-update/bin/../lib/gcc/arm-none-eabi/6.3.1/../../../../arm-none-eabi/lib/thumb/v7e-m/fpv4-sp/hard\libg.a(lib_a-fini.o)
                              c:/program files (x86)/gnu tools arm embedded/6 2017-q1-update/bin/../lib/gcc/arm-none-eabi/6.3.1/../../../../arm-none-eabi/lib/thumb/v7e-m/fpv4-sp/hard\libg.a(lib_a-__call_atexit.o) (__libc_fini_array)
c:/program files (x86)/gnu tools arm embedded/6 2017-q1-update/bin/../lib/gcc/arm-none-eabi/6.3.1/../../../../arm-none-eabi/lib/thumb/v7e-m/fpv4-sp/hard\libg.a(lib_a-lock.o)
                              c:/program files (x86)/gnu tools arm embedded/6 2017-q1-update/bin/../lib/gcc/arm-none-eabi/6.3.1/../../../../arm-none-eabi/lib/thumb/v7e-m/fpv4-sp/hard\libg.a(lib_a-__call_atexit.o) (__retarget_lock_acquire_recursive)
c:/program files (x86)/gnu tools arm embedded/6 2017-q1-update/bin/../lib/gcc/arm-none-eabi/6.3.1/../../../../arm-none-eabi/lib/thumb/v7e-m/fpv4-sp/hard\libg.a(lib_a-__atexit.o)
                              c:/program files (x86)/gnu tools arm embedded/6 2017-q1-update/bin/../lib/gcc/arm-none-eabi/6.3.1/../../../../arm-none-eabi/lib/thumb/v7e-m/fpv4-sp/hard\libg.a(lib_a-atexit.o) (__register_exitproc)

Allocating common symbols
Common symbol       size              file

__lock___atexit_recursive_mutex
                    0x1               c:/program files (x86)/gnu tools arm embedded/6 2017-q1-update/bin/../lib/gcc/arm-none-eabi/6.3.1/../../../../arm-none-eabi/lib/thumb/v7e-m/fpv4-sp/hard\libg.a(lib_a-lock.o)
__lock___arc4random_mutex
                    0x1               c:/program files (x86)/gnu tools arm embedded/6 2017-q1-update/bin/../lib/gcc/arm-none-eabi/6.3.1/../../../../arm-none-eabi/lib/thumb/v7e-m/fpv4-sp/hard\libg.a(lib_a-lock.o)
uwTick              0x4               ./RTE/Device/STM32F407VGTx/stm32f4xx_hal.o
__lock___env_recursive_mutex
                    0x1               c:/program files (x86)/gnu tools arm embedded/6 2017-q1-update/bin/../lib/gcc/arm-none-eabi/6.3.1/../../../../arm-none-eabi/lib/thumb/v7e-m/fpv4-sp/hard\libg.a(lib_a-lock.o)
__lock___sinit_recursive_mutex
                    0x1               c:/program files (x86)/gnu tools arm embedded/6 2017-q1-update/bin/../lib/gcc/arm-none-eabi/6.3.1/../../../../arm-none-eabi/lib/thumb/v7e-m/fpv4-sp/hard\libg.a(lib_a-lock.o)
__lock___malloc_recursive_mutex
                    0x1               c:/program files (x86)/gnu tools arm embedded/6 2017-q1-update/bin/../lib/gcc/arm-none-eabi/6.3.1/../../../../arm-none-eabi/lib/thumb/v7e-m/fpv4-sp/hard\libg.a(lib_a-lock.o)
[...]
Memory Configuration

Name             Origin             Length             Attributes
FLASH            0x08000000         0x00100000         xr
RAM              0x20000000         0x00020000         xrw
CCMRAM           0x10000000         0x00010000         rw
*default*        0x00000000         0xffffffff

Linker script and memory map

LOAD c:/program files (x86)/gnu tools arm embedded/6 2017-q1-update/bin/../lib/gcc/arm-none-eabi/6.3.1/thumb/v7e-m/fpv4-sp/hard/crti.o
LOAD c:/program files (x86)/gnu tools arm embedded/6 2017-q1-update/bin/../lib/gcc/arm-none-eabi/6.3.1/thumb/v7e-m/fpv4-sp/hard/crtbegin.o
LOAD c:/program files (x86)/gnu tools arm embedded/6 2017-q1-update/bin/../lib/gcc/arm-none-eabi/6.3.1/../../../../arm-none-eabi/lib/thumb/v7e-m/fpv4-sp/hard/crt0.o
LOAD ./src/main.o
LOAD ./RTE/Device/STM32F407VGTx/startup_stm32f407xx.o
LOAD ./RTE/Device/STM32F407VGTx/stm32f4xx_hal.o
LOAD ./RTE/Device/STM32F407VGTx/stm32f4xx_hal_cortex.o
LOAD ./RTE/Device/STM32F407VGTx/stm32f4xx_hal_dma.o
LOAD ./RTE/Device/STM32F407VGTx/stm32f4xx_hal_dma_ex.o
LOAD ./RTE/Device/STM32F407VGTx/stm32f4xx_hal_gpio.o
LOAD ./RTE/Device/STM32F407VGTx/stm32f4xx_hal_pwr.o
LOAD ./RTE/Device/STM32F407VGTx/stm32f4xx_hal_pwr_ex.o
LOAD ./RTE/Device/STM32F407VGTx/stm32f4xx_hal_rcc.o
LOAD ./RTE/Device/STM32F407VGTx/stm32f4xx_hal_rcc_ex.o
LOAD ./RTE/Device/STM32F407VGTx/stm32f4xx_hal_tim.o
LOAD ./RTE/Device/STM32F407VGTx/stm32f4xx_hal_tim_ex.o
LOAD ./RTE/Device/STM32F407VGTx/system_stm32f4xx.o
START GROUP
LOAD c:/program files (x86)/gnu tools arm embedded/6 2017-q1-update/bin/../lib/gcc/arm-none-eabi/6.3.1/thumb/v7e-m/fpv4-sp/hard\libgcc.a
LOAD c:/program files (x86)/gnu tools arm embedded/6 2017-q1-update/bin/../lib/gcc/arm-none-eabi/6.3.1/../../../../arm-none-eabi/lib/thumb/v7e-m/fpv4-sp/hard\libg.a
LOAD c:/program files (x86)/gnu tools arm embedded/6 2017-q1-update/bin/../lib/gcc/arm-none-eabi/6.3.1/../../../../arm-none-eabi/lib/thumb/v7e-m/fpv4-sp/hard\libc.a
END GROUP
LOAD c:/program files (x86)/gnu tools arm embedded/6 2017-q1-update/bin/../lib/gcc/arm-none-eabi/6.3.1/thumb/v7e-m/fpv4-sp/hard/crtend.o
LOAD c:/program files (x86)/gnu tools arm embedded/6 2017-q1-update/bin/../lib/gcc/arm-none-eabi/6.3.1/thumb/v7e-m/fpv4-sp/hard/crtn.o
                0x20020000                _estack = 0x20020000
                0x00000200                _Min_Heap_Size = 0x200
                0x00000400                _Min_Stack_Size = 0x400

.isr_vector     0x08000000      0x188
                0x08000000                . = ALIGN (0x4)
 *(.isr_vector)
 .isr_vector    0x08000000      0x188 ./RTE/Device/STM32F407VGTx/startup_stm32f407xx.o
                0x08000000                g_pfnVectors
                0x08000188                . = ALIGN (0x4)

.text           0x08000188      0x2bc
                0x08000188                . = ALIGN (0x4)
 *(.text)
 .text          0x08000188       0x6c c:/program files (x86)/gnu tools arm embedded/6 2017-q1-update/bin/../lib/gcc/arm-none-eabi/6.3.1/thumb/v7e-m/fpv4-sp/hard/crtbegin.o
 *(.text*)
 .text.main     0x080001f4        0x6 ./src/main.o
                0x080001f4                main
 *fill*         0x080001fa        0x2 
 .text.Reset_Handler
                0x080001fc       0x50 ./RTE/Device/STM32F407VGTx/startup_stm32f407xx.o
                0x080001fc                Reset_Handler
 .text.Default_Handler
                0x0800024c        0x2 ./RTE/Device/STM32F407VGTx/startup_stm32f407xx.o
                0x0800024c                RTC_Alarm_IRQHandler
                0x0800024c                HASH_RNG_IRQHandler
                0x0800024c                EXTI2_IRQHandler
                0x0800024c                TIM8_CC_IRQHandler
                0x0800024c                DebugMon_Handler
                0x0800024c                TIM1_CC_IRQHandler
                0x0800024c                DMA2_Stream5_IRQHandler
                0x0800024c                HardFault_Handler
                0x0800024c                DMA1_Stream5_IRQHandler
                0x0800024c                SysTick_Handler
                0x0800024c                PVD_IRQHandler
                0x0800024c                SDIO_IRQHandler
                0x0800024c                TAMP_STAMP_IRQHandler
                0x0800024c                PendSV_Handler
                0x0800024c                NMI_Handler
                0x0800024c                CAN2_RX1_IRQHandler
                0x0800024c                EXTI3_IRQHandler
                0x0800024c                TIM8_TRG_COM_TIM14_IRQHandler
                0x0800024c                TIM1_UP_TIM10_IRQHandler
                0x0800024c                TIM8_UP_TIM13_IRQHandler
                0x0800024c                I2C3_ER_IRQHandler
                0x0800024c                EXTI0_IRQHandler
                0x0800024c                I2C2_EV_IRQHandler
                0x0800024c                DMA1_Stream2_IRQHandler
                0x0800024c                CAN1_RX0_IRQHandler
                0x0800024c                FPU_IRQHandler
                0x0800024c                OTG_HS_WKUP_IRQHandler
                0x0800024c                UsageFault_Handler
                0x0800024c                CAN2_SCE_IRQHandler
                0x0800024c                DMA2_Stream2_IRQHandler
                0x0800024c                SPI1_IRQHandler
                0x0800024c                TIM6_DAC_IRQHandler
                0x0800024c                TIM1_BRK_TIM9_IRQHandler
                0x0800024c                DCMI_IRQHandler
                0x0800024c                CAN2_RX0_IRQHandler
                0x0800024c                DMA2_Stream3_IRQHandler
                0x0800024c                USART6_IRQHandler
                0x0800024c                USART3_IRQHandler
                0x0800024c                CAN1_RX1_IRQHandler
                0x0800024c                UART5_IRQHandler
                0x0800024c                DMA2_Stream0_IRQHandler
                0x0800024c                TIM4_IRQHandler
                0x0800024c                I2C1_EV_IRQHandler
                0x0800024c                DMA1_Stream6_IRQHandler
                0x0800024c                DMA1_Stream1_IRQHandler
                0x0800024c                UART4_IRQHandler
                0x0800024c                TIM3_IRQHandler
                0x0800024c                RCC_IRQHandler
                0x0800024c                TIM8_BRK_TIM12_IRQHandler
                0x0800024c                Default_Handler
                0x0800024c                EXTI15_10_IRQHandler
                0x0800024c                ADC_IRQHandler
                0x0800024c                DMA1_Stream7_IRQHandler
                0x0800024c                TIM7_IRQHandler
                0x0800024c                CAN2_TX_IRQHandler
                0x0800024c                TIM5_IRQHandler
                0x0800024c                DMA2_Stream7_IRQHandler
                0x0800024c                I2C3_EV_IRQHandler
                0x0800024c                EXTI9_5_IRQHandler
                0x0800024c                RTC_WKUP_IRQHandler
                0x0800024c                ETH_WKUP_IRQHandler
                0x0800024c                SPI2_IRQHandler
                0x0800024c                OTG_HS_EP1_IN_IRQHandler
                0x0800024c                MemManage_Handler
                0x0800024c                DMA1_Stream0_IRQHandler
                0x0800024c                CAN1_TX_IRQHandler
                0x0800024c                SVC_Handler
                0x0800024c                EXTI4_IRQHandler
                0x0800024c                FSMC_IRQHandler
                0x0800024c                ETH_IRQHandler
                0x0800024c                OTG_HS_EP1_OUT_IRQHandler
                0x0800024c                WWDG_IRQHandler
                0x0800024c                TIM2_IRQHandler
                0x0800024c                OTG_FS_WKUP_IRQHandler
                0x0800024c                TIM1_TRG_COM_TIM11_IRQHandler
                0x0800024c                OTG_HS_IRQHandler
                0x0800024c                EXTI1_IRQHandler
                0x0800024c                USART2_IRQHandler
                0x0800024c                I2C2_ER_IRQHandler
                0x0800024c                DMA2_Stream1_IRQHandler
                0x0800024c                CAN1_SCE_IRQHandler
                0x0800024c                FLASH_IRQHandler
                0x0800024c                DMA2_Stream4_IRQHandler
                0x0800024c                BusFault_Handler
                0x0800024c                USART1_IRQHandler
                0x0800024c                OTG_FS_IRQHandler
                0x0800024c                SPI3_IRQHandler
                0x0800024c                DMA1_Stream4_IRQHandler
                0x0800024c                I2C1_ER_IRQHandler
                0x0800024c                DMA2_Stream6_IRQHandler
                0x0800024c                DMA1_Stream3_IRQHandler
 *fill*         0x0800024e        0x2 
 .text.SystemInit
                0x08000250       0x6c ./RTE/Device/STM32F407VGTx/system_stm32f4xx.o
                0x08000250                SystemInit
 .text.__libc_init_array
                0x080002bc       0x50 c:/program files (x86)/gnu tools arm embedded/6 2017-q1-update/bin/../lib/gcc/arm-none-eabi/6.3.1/../../../../arm-none-eabi/lib/thumb/v7e-m/fpv4-sp/hard\libg.a(lib_a-init.o)
                0x080002bc                __libc_init_array
 .text.startup.register_fini
                0x0800030c       0x14 c:/program files (x86)/gnu tools arm embedded/6 2017-q1-update/bin/../lib/gcc/arm-none-eabi/6.3.1/../../../../arm-none-eabi/lib/thumb/v7e-m/fpv4-sp/hard\libg.a(lib_a-__call_atexit.o)
 .text.atexit   0x08000320        0xc c:/program files (x86)/gnu tools arm embedded/6 2017-q1-update/bin/../lib/gcc/arm-none-eabi/6.3.1/../../../../arm-none-eabi/lib/thumb/v7e-m/fpv4-sp/hard\libg.a(lib_a-atexit.o)
                0x08000320                atexit
 .text.__libc_fini_array
                0x0800032c       0x34 c:/program files (x86)/gnu tools arm embedded/6 2017-q1-update/bin/../lib/gcc/arm-none-eabi/6.3.1/../../../../arm-none-eabi/lib/thumb/v7e-m/fpv4-sp/hard\libg.a(lib_a-fini.o)
                0x0800032c                __libc_fini_array
 .text.__retarget_lock_acquire_recursive
                0x08000360        0x4 c:/program files (x86)/gnu tools arm embedded/6 2017-q1-update/bin/../lib/gcc/arm-none-eabi/6.3.1/../../../../arm-none-eabi/lib/thumb/v7e-m/fpv4-sp/hard\libg.a(lib_a-lock.o)
                0x08000360                __retarget_lock_acquire_recursive
 .text.__retarget_lock_release_recursive
                0x08000364        0x4 c:/program files (x86)/gnu tools arm embedded/6 2017-q1-update/bin/../lib/gcc/arm-none-eabi/6.3.1/../../../../arm-none-eabi/lib/thumb/v7e-m/fpv4-sp/hard\libg.a(lib_a-lock.o)
                0x08000364                __retarget_lock_release_recursive
 .text.__register_exitproc
                0x08000368       0xc4 c:/program files (x86)/gnu tools arm embedded/6 2017-q1-update/bin/../lib/gcc/arm-none-eabi/6.3.1/../../../../arm-none-eabi/lib/thumb/v7e-m/fpv4-sp/hard\libg.a(lib_a-__atexit.o)
                0x08000368                __register_exitproc
 *(.glue_7)
 .glue_7        0x0800042c        0x0 linker stubs
 *(.glue_7t)
 .glue_7t       0x0800042c        0x0 linker stubs
 *(.eh_frame)
 .eh_frame      0x0800042c        0x0 c:/program files (x86)/gnu tools arm embedded/6 2017-q1-update/bin/../lib/gcc/arm-none-eabi/6.3.1/thumb/v7e-m/fpv4-sp/hard/crtbegin.o
 *(.init)
 .init          0x0800042c        0x4 c:/program files (x86)/gnu tools arm embedded/6 2017-q1-update/bin/../lib/gcc/arm-none-eabi/6.3.1/thumb/v7e-m/fpv4-sp/hard/crti.o
                0x0800042c                _init
 .init          0x08000430        0x8 c:/program files (x86)/gnu tools arm embedded/6 2017-q1-update/bin/../lib/gcc/arm-none-eabi/6.3.1/thumb/v7e-m/fpv4-sp/hard/crtn.o
 *(.fini)
 .fini          0x08000438        0x4 c:/program files (x86)/gnu tools arm embedded/6 2017-q1-update/bin/../lib/gcc/arm-none-eabi/6.3.1/thumb/v7e-m/fpv4-sp/hard/crti.o
                0x08000438                _fini
 .fini          0x0800043c        0x8 c:/program files (x86)/gnu tools arm embedded/6 2017-q1-update/bin/../lib/gcc/arm-none-eabi/6.3.1/thumb/v7e-m/fpv4-sp/hard/crtn.o
                0x08000444                . = ALIGN (0x4)
                0x08000444                _etext = .

.vfp11_veneer   0x08000444        0x0
 .vfp11_veneer  0x08000444        0x0 linker stubs

.v4_bx          0x08000444        0x0
 .v4_bx         0x08000444        0x0 linker stubs

.iplt           0x08000444        0x0
 .iplt          0x08000444        0x0 c:/program files (x86)/gnu tools arm embedded/6 2017-q1-update/bin/../lib/gcc/arm-none-eabi/6.3.1/thumb/v7e-m/fpv4-sp/hard/crtbegin.o

.rodata         0x08000444        0x4
                0x08000444                . = ALIGN (0x4)
 *(.rodata)
 *(.rodata*)
 .rodata._global_impure_ptr
                0x08000444        0x4 c:/program files (x86)/gnu tools arm embedded/6 2017-q1-update/bin/../lib/gcc/arm-none-eabi/6.3.1/../../../../arm-none-eabi/lib/thumb/v7e-m/fpv4-sp/hard\libg.a(lib_a-impure.o)
                0x08000444                _global_impure_ptr
                0x08000448                . = ALIGN (0x4)

.rel.dyn        0x08000448        0x0
 .rel.iplt      0x08000448        0x0 c:/program files (x86)/gnu tools arm embedded/6 2017-q1-update/bin/../lib/gcc/arm-none-eabi/6.3.1/thumb/v7e-m/fpv4-sp/hard/crtbegin.o

.ARM.extab
 *(.ARM.extab* .gnu.linkonce.armextab.*)

.ARM            0x08000448        0x0
                0x08000448                __exidx_start = .
 *(.ARM.exidx*)
                0x08000448                __exidx_end = .

.preinit_array  0x08000448        0x0
                0x08000448                PROVIDE (__preinit_array_start, .)
 *(.preinit_array*)
                0x08000448                PROVIDE (__preinit_array_end, .)

.init_array     0x08000448        0x8
                0x08000448                PROVIDE (__init_array_start, .)
 *(SORT(.init_array.*))
 .init_array.00000
                0x08000448        0x4 c:/program files (x86)/gnu tools arm embedded/6 2017-q1-update/bin/../lib/gcc/arm-none-eabi/6.3.1/../../../../arm-none-eabi/lib/thumb/v7e-m/fpv4-sp/hard\libg.a(lib_a-__call_atexit.o)
 *(.init_array*)
 .init_array    0x0800044c        0x4 c:/program files (x86)/gnu tools arm embedded/6 2017-q1-update/bin/../lib/gcc/arm-none-eabi/6.3.1/thumb/v7e-m/fpv4-sp/hard/crtbegin.o
                0x08000450                PROVIDE (__init_array_end, .)

.fini_array     0x08000450        0x4
                0x08000450                PROVIDE (__fini_array_start, .)
 *(SORT(.fini_array.*))
 *(.fini_array*)
 .fini_array    0x08000450        0x4 c:/program files (x86)/gnu tools arm embedded/6 2017-q1-update/bin/../lib/gcc/arm-none-eabi/6.3.1/thumb/v7e-m/fpv4-sp/hard/crtbegin.o
                0x08000454                PROVIDE (__fini_array_end, .)
                0x08000454                _sidata = LOADADDR (.data)

.data           0x20000000      0x42c load address 0x08000454
                0x20000000                . = ALIGN (0x4)
                0x20000000                _sdata = .
 *(.data)
 *(.data*)
 .data.impure_data
                0x20000000      0x428 c:/program files (x86)/gnu tools arm embedded/6 2017-q1-update/bin/../lib/gcc/arm-none-eabi/6.3.1/../../../../arm-none-eabi/lib/thumb/v7e-m/fpv4-sp/hard\libg.a(lib_a-impure.o)
 .data.__atexit_recursive_mutex
                0x20000428        0x4 c:/program files (x86)/gnu tools arm embedded/6 2017-q1-update/bin/../lib/gcc/arm-none-eabi/6.3.1/../../../../arm-none-eabi/lib/thumb/v7e-m/fpv4-sp/hard\libg.a(lib_a-__call_atexit.o)
                0x20000428                __atexit_recursive_mutex
                0x2000042c                . = ALIGN (0x4)
                0x2000042c                _edata = .
                0x08000880                _siccmram = LOADADDR (.ccmram)

.jcr            0x2000042c        0x0 load address 0x08000880
 .jcr           0x2000042c        0x0 c:/program files (x86)/gnu tools arm embedded/6 2017-q1-update/bin/../lib/gcc/arm-none-eabi/6.3.1/thumb/v7e-m/fpv4-sp/hard/crtbegin.o

.igot.plt       0x2000042c        0x0 load address 0x08000880
 .igot.plt      0x2000042c        0x0 c:/program files (x86)/gnu tools arm embedded/6 2017-q1-update/bin/../lib/gcc/arm-none-eabi/6.3.1/thumb/v7e-m/fpv4-sp/hard/crtbegin.o

.ccmram         0x10000000        0x0 load address 0x08000880
                0x10000000                . = ALIGN (0x4)
                0x10000000                _sccmram = .
 *(.ccmram)
 *(.ccmram*)
                0x10000000                . = ALIGN (0x4)
                0x10000000                _eccmram = .
                0x10000000                . = ALIGN (0x4)

.bss            0x2000042c       0x40
                0x2000042c                _sbss = .
                0x2000042c                __bss_start__ = _sbss
 *(.bss)
 .bss           0x2000042c       0x1c c:/program files (x86)/gnu tools arm embedded/6 2017-q1-update/bin/../lib/gcc/arm-none-eabi/6.3.1/thumb/v7e-m/fpv4-sp/hard/crtbegin.o
 *(.bss*)
 *(COMMON)
 COMMON         0x20000448       0x21 c:/program files (x86)/gnu tools arm embedded/6 2017-q1-update/bin/../lib/gcc/arm-none-eabi/6.3.1/../../../../arm-none-eabi/lib/thumb/v7e-m/fpv4-sp/hard\libg.a(lib_a-lock.o)
                0x20000448                __lock___atexit_recursive_mutex
                0x2000044c                __lock___arc4random_mutex
                0x20000450                __lock___env_recursive_mutex
                0x20000454                __lock___sinit_recursive_mutex
                0x20000458                __lock___malloc_recursive_mutex
                0x2000045c                __lock___at_quick_exit_mutex
                0x20000460                __lock___dd_hash_mutex
                0x20000464                __lock___tz_mutex
                0x20000468                __lock___sfp_recursive_mutex
                0x2000046c                . = ALIGN (0x4)
 *fill*         0x20000469        0x3 
                0x2000046c                _ebss = .
                0x2000046c                __bss_end__ = _ebss

._user_heap_stack
                0x2000046c      0x600
                0x2000046c                . = ALIGN (0x4)
                [!provide]                PROVIDE (end, .)
                [!provide]                PROVIDE (_end, .)
                0x2000066c                . = (. + _Min_Heap_Size)
 *fill*         0x2000046c      0x200 
                0x20000a6c                . = (. + _Min_Stack_Size)
 *fill*         0x2000066c      0x400 
                0x20000a6c                . = ALIGN (0x4)

/DISCARD/
 libc.a(*)
 libm.a(*)
 libgcc.a(*)

.ARM.attributes
                0x00000000       0x30
 *(.ARM.attributes)
 .ARM.attributes
                0x00000000       0x22 c:/program files (x86)/gnu tools arm embedded/6 2017-q1-update/bin/../lib/gcc/arm-none-eabi/6.3.1/thumb/v7e-m/fpv4-sp/hard/crti.o
 .ARM.attributes
                0x00000022       0x34 c:/program files (x86)/gnu tools arm embedded/6 2017-q1-update/bin/../lib/gcc/arm-none-eabi/6.3.1/thumb/v7e-m/fpv4-sp/hard/crtbegin.o
 .ARM.attributes
                0x00000056       0x39 ./src/main.o
 .ARM.attributes
                0x0000008f       0x21 ./RTE/Device/STM32F407VGTx/startup_stm32f407xx.o
 .ARM.attributes
                0x000000b0       0x39 ./RTE/Device/STM32F407VGTx/system_stm32f4xx.o
 .ARM.attributes
                0x000000e9       0x34 c:/program files (x86)/gnu tools arm embedded/6 2017-q1-update/bin/../lib/gcc/arm-none-eabi/6.3.1/../../../../arm-none-eabi/lib/thumb/v7e-m/fpv4-sp/hard\libg.a(lib_a-impure.o)
 .ARM.attributes
                0x0000011d       0x34 c:/program files (x86)/gnu tools arm embedded/6 2017-q1-update/bin/../lib/gcc/arm-none-eabi/6.3.1/../../../../arm-none-eabi/lib/thumb/v7e-m/fpv4-sp/hard\libg.a(lib_a-init.o)
 .ARM.attributes
                0x00000151       0x34 c:/program files (x86)/gnu tools arm embedded/6 2017-q1-update/bin/../lib/gcc/arm-none-eabi/6.3.1/../../../../arm-none-eabi/lib/thumb/v7e-m/fpv4-sp/hard\libg.a(lib_a-__call_atexit.o)
 .ARM.attributes
                0x00000185       0x34 c:/program files (x86)/gnu tools arm embedded/6 2017-q1-update/bin/../lib/gcc/arm-none-eabi/6.3.1/../../../../arm-none-eabi/lib/thumb/v7e-m/fpv4-sp/hard\libg.a(lib_a-atexit.o)
 .ARM.attributes
                0x000001b9       0x34 c:/program files (x86)/gnu tools arm embedded/6 2017-q1-update/bin/../lib/gcc/arm-none-eabi/6.3.1/../../../../arm-none-eabi/lib/thumb/v7e-m/fpv4-sp/hard\libg.a(lib_a-fini.o)
 .ARM.attributes
                0x000001ed       0x34 c:/program files (x86)/gnu tools arm embedded/6 2017-q1-update/bin/../lib/gcc/arm-none-eabi/6.3.1/../../../../arm-none-eabi/lib/thumb/v7e-m/fpv4-sp/hard\libg.a(lib_a-lock.o)
 .ARM.attributes
                0x00000221       0x34 c:/program files (x86)/gnu tools arm embedded/6 2017-q1-update/bin/../lib/gcc/arm-none-eabi/6.3.1/../../../../arm-none-eabi/lib/thumb/v7e-m/fpv4-sp/hard\libg.a(lib_a-__atexit.o)
 .ARM.attributes
                0x00000255       0x22 c:/program files (x86)/gnu tools arm embedded/6 2017-q1-update/bin/../lib/gcc/arm-none-eabi/6.3.1/thumb/v7e-m/fpv4-sp/hard/crtn.o
OUTPUT(motion-led-f4discovery.elf elf32-littlearm)

.debug_info     0x00000000      0x5cb
 .debug_info    0x00000000       0x46 ./src/main.o
 .debug_info    0x00000046       0x83 ./RTE/Device/STM32F407VGTx/startup_stm32f407xx.o
 .debug_info    0x000000c9      0x502 ./RTE/Device/STM32F407VGTx/system_stm32f4xx.o

.debug_abbrev   0x00000000      0x15f
 .debug_abbrev  0x00000000       0x3c ./src/main.o
 .debug_abbrev  0x0000003c       0x12 ./RTE/Device/STM32F407VGTx/startup_stm32f407xx.o
 .debug_abbrev  0x0000004e      0x111 ./RTE/Device/STM32F407VGTx/system_stm32f4xx.o

.debug_aranges  0x00000000       0x70
 .debug_aranges
                0x00000000       0x20 ./src/main.o
 .debug_aranges
                0x00000020       0x28 ./RTE/Device/STM32F407VGTx/startup_stm32f407xx.o
 .debug_aranges
                0x00000048       0x28 ./RTE/Device/STM32F407VGTx/system_stm32f4xx.o

.debug_ranges   0x00000000       0x48
 .debug_ranges  0x00000000       0x10 ./src/main.o
 .debug_ranges  0x00000010       0x20 ./RTE/Device/STM32F407VGTx/startup_stm32f407xx.o
 .debug_ranges  0x00000030       0x18 ./RTE/Device/STM32F407VGTx/system_stm32f4xx.o

.debug_macro    0x00000000      0x97b
 .debug_macro   0x00000000       0x11 ./src/main.o
 .debug_macro   0x00000011      0x8a4 ./src/main.o
 .debug_macro   0x000008b5       0xc6 ./RTE/Device/STM32F407VGTx/system_stm32f4xx.o

.debug_line     0x00000000      0x440
 .debug_line    0x00000000       0x42 ./src/main.o
 .debug_line    0x00000042       0x90 ./RTE/Device/STM32F407VGTx/startup_stm32f407xx.o
 .debug_line    0x000000d2      0x36e ./RTE/Device/STM32F407VGTx/system_stm32f4xx.o

.debug_str      0x00000000    0x83dae
 .debug_str     0x00000000     0x2554 ./src/main.o
 .debug_str     0x00002554    0x8185a ./RTE/Device/STM32F407VGTx/system_stm32f4xx.o
                              0x83f14 (size before relaxing)

.comment        0x00000000       0x7f
 .comment       0x00000000       0x7f ./src/main.o
                                 0x80 (size before relaxing)
 .comment       0x0000007f       0x80 ./RTE/Device/STM32F407VGTx/system_stm32f4xx.o

.debug_frame    0x00000000      0x240
 .debug_frame   0x00000000       0x28 ./src/main.o
 .debug_frame   0x00000028       0x58 ./RTE/Device/STM32F407VGTx/system_stm32f4xx.o
 .debug_frame   0x00000080       0x2c c:/program files (x86)/gnu tools arm embedded/6 2017-q1-update/bin/../lib/gcc/arm-none-eabi/6.3.1/../../../../arm-none-eabi/lib/thumb/v7e-m/fpv4-sp/hard\libg.a(lib_a-init.o)
 .debug_frame   0x000000ac       0x5c c:/program files (x86)/gnu tools arm embedded/6 2017-q1-update/bin/../lib/gcc/arm-none-eabi/6.3.1/../../../../arm-none-eabi/lib/thumb/v7e-m/fpv4-sp/hard\libg.a(lib_a-__call_atexit.o)
 .debug_frame   0x00000108       0x20 c:/program files (x86)/gnu tools arm embedded/6 2017-q1-update/bin/../lib/gcc/arm-none-eabi/6.3.1/../../../../arm-none-eabi/lib/thumb/v7e-m/fpv4-sp/hard\libg.a(lib_a-atexit.o)
 .debug_frame   0x00000128       0x34 c:/program files (x86)/gnu tools arm embedded/6 2017-q1-update/bin/../lib/gcc/arm-none-eabi/6.3.1/../../../../arm-none-eabi/lib/thumb/v7e-m/fpv4-sp/hard\libg.a(lib_a-fini.o)
 .debug_frame   0x0000015c       0xb0 c:/program files (x86)/gnu tools arm embedded/6 2017-q1-update/bin/../lib/gcc/arm-none-eabi/6.3.1/../../../../arm-none-eabi/lib/thumb/v7e-m/fpv4-sp/hard\libg.a(lib_a-lock.o)
 .debug_frame   0x0000020c       0x34 c:/program files (x86)/gnu tools arm embedded/6 2017-q1-update/bin/../lib/gcc/arm-none-eabi/6.3.1/../../../../arm-none-eabi/lib/thumb/v7e-m/fpv4-sp/hard\libg.a(lib_a-__atexit.o)
